Component: ARM Compiler 5.05 update 1 (build 106) Tool: armlink [4d0efa]

==============================================================================

Section Cross References

    main.o(i.Disable_All) refers to stm32f10x_tim.o(i.TIM_Cmd) for TIM_Cmd
    main.o(i.Disable_All) refers to stm32f10x_usart.o(i.USART_Cmd) for USART_Cmd
    main.o(i.Enable_All) refers to stm32f10x_tim.o(i.TIM_Cmd) for TIM_Cmd
    main.o(i.Enable_All) refers to stm32f10x_usart.o(i.USART_Cmd) for USART_Cmd
    main.o(i.RCC_Configuration) refers to stm32f10x_rcc.o(i.RCC_DeInit) for RCC_DeInit
    main.o(i.RCC_Configuration) refers to stm32f10x_rcc.o(i.RCC_HSICmd) for RCC_HSICmd
    main.o(i.RCC_Configuration) refers to stm32f10x_rcc.o(i.RCC_PLLCmd) for RCC_PLLCmd
    main.o(i.RCC_Configuration) refers to stm32f10x_rcc.o(i.RCC_GetFlagStatus) for RCC_GetFlagStatus
    main.o(i.main) refers to delay.o(i.delay_init) for delay_init
    main.o(i.main) refers to delay.o(i.delay_ms) for delay_ms
    main.o(i.main) refers to main.o(i.RCC_Configuration) for RCC_Configuration
    main.o(i.main) refers to usart1.o(i.USART1_2_3_Init) for USART1_2_3_Init
    main.o(i.main) refers to can.o(i.CAN1_Configuration) for CAN1_Configuration
    main.o(i.main) refers to gpio.o(i.Key_GPIO_Init) for Key_GPIO_Init
    main.o(i.main) refers to gpio.o(i.LED_GPIO_Init) for LED_GPIO_Init
    main.o(i.main) refers to motor_driver.o(i.MOTOR_Init) for MOTOR_Init
    main.o(i.main) refers to adapter.o(i.GPS_Init) for GPS_Init
    main.o(i.main) refers to battery.o(i.BATTERY_Init) for BATTERY_Init
    main.o(i.main) refers to angle_as5600.o(i.THROTTLE_Init) for THROTTLE_Init
    main.o(i.main) refers to gpio.o(i.Open_Close_Switch_Init) for Open_Close_Switch_Init
    main.o(i.main) refers to tim.o(i.TIM1_Init) for TIM1_Init
    main.o(i.main) refers to i2c.o(i.IIC_Init) for IIC_Init
    main.o(i.main) refers to flash.o(i.Flash_Read_Angle) for Flash_Read_Angle
    main.o(i.main) refers to angle_as5600.o(i.R_AS5600_SetOutputStage) for R_AS5600_SetOutputStage
    main.o(i.main) refers to angle_as5600.o(i.L_AS5600_SetOutputStage) for L_AS5600_SetOutputStage
    main.o(i.main) refers to angle_as5600.o(i.R_AS5600_SetPMMode) for R_AS5600_SetPMMode
    main.o(i.main) refers to angle_as5600.o(i.L_AS5600_SetPMMode) for L_AS5600_SetPMMode
    main.o(i.main) refers to angle_as5600.o(i.R_AS5600_EnableWd) for R_AS5600_EnableWd
    main.o(i.main) refers to angle_as5600.o(i.L_AS5600_EnableWd) for L_AS5600_EnableWd
    main.o(i.main) refers to iwdg.o(i.IWDG_Init) for IWDG_Init
    main.o(i.main) refers to angle_as5600.o(i.R_AS5600_GetAngle) for R_AS5600_GetAngle
    main.o(i.main) refers to angle_as5600.o(i.L_AS5600_GetAngle) for L_AS5600_GetAngle
    main.o(i.main) refers to buzzer.o(i.BUZZER_Work) for BUZZER_Work
    main.o(i.main) refers to angle_as5600.o(i.THROTTLE_Calc) for THROTTLE_Calc
    main.o(i.main) refers to flash.o(i.Flash_Save_Angle) for Flash_Save_Angle
    main.o(i.main) refers to angle_as5600.o(i.Throttle_Value_Conversion) for Throttle_Value_Conversion
    main.o(i.main) refers to stm32f10x_gpio.o(i.GPIO_ReadInputDataBit) for GPIO_ReadInputDataBit
    main.o(i.main) refers to can.o(i.CAN_Send_Msg) for CAN_Send_Msg
    main.o(i.main) refers to usart1.o(i.YD_BatteryData_Filling) for YD_BatteryData_Filling
    main.o(i.main) refers to stm32f10x_gpio.o(i.GPIO_SetBits) for GPIO_SetBits
    main.o(i.main) refers to usart1.o(i.UART1_SendArray) for UART1_SendArray
    main.o(i.main) refers to stm32f10x_gpio.o(i.GPIO_ResetBits) for GPIO_ResetBits
    main.o(i.main) refers to usart1.o(i.UART2_SendArray) for UART2_SendArray
    main.o(i.main) refers to usart1.o(i.SendData_Filling) for SendData_Filling
    main.o(i.main) refers to motor_driver.o(.bss) for MOTOR_Handle
    main.o(i.main) refers to adapter.o(.bss) for GPS_Handle
    main.o(i.main) refers to battery.o(.bss) for BATTERY_Handle
    main.o(i.main) refers to angle_as5600.o(.bss) for THROTTLE_Handle
    main.o(i.main) refers to flash.o(.bss) for FLASH_Handle
    main.o(i.main) refers to usart1.o(.bss) for MS485_Handle
    main.o(i.main) refers to tim.o(.data) for counter_1ms_flag
    main.o(i.main) refers to gpio.o(.data) for Open_Close_Switch_Handle
    main.o(i.main) refers to key_control_mode.o(.data) for DOCK_ContorlMode
    main.o(i.main) refers to angle_as5600.o(i.R_AS5600_ReadOneByte) for R_AS5600_ReadOneByte
    main.o(i.main) refers to fflt_clz.o(x$fpl$ffltu) for __aeabi_ui2f
    main.o(i.main) refers to fdiv.o(x$fpl$fdiv) for __aeabi_fdiv
    main.o(i.main) refers to fmul.o(x$fpl$fmul) for __aeabi_fmul
    main.o(i.main) refers to ffixu.o(x$fpl$ffixu) for __aeabi_f2uiz
    main.o(i.main) refers to angle_as5600.o(i.L_AS5600_ReadOneByte) for L_AS5600_ReadOneByte
    main.o(i.main) refers to angle_as5600.o(i.R_AS5600_ReadConf) for R_AS5600_ReadConf
    main.o(i.main) refers to angle_as5600.o(i.R_AS5600_GetAGC) for R_AS5600_GetAGC
[...]
    .ARM.Collect$$libinit$$0000001B          0x08000162   Section        0  libinit2.o(.ARM.Collect$$libinit$$0000001B)
    .ARM.Collect$$libinit$$0000001D          0x08000162   Section        0  libinit2.o(.ARM.Collect$$libinit$$0000001D)
    .ARM.Collect$$libinit$$0000001F          0x08000162   Section        0  libinit2.o(.ARM.Collect$$libinit$$0000001F)
    .ARM.Collect$$libinit$$00000021          0x08000162   Section        0  libinit2.o(.ARM.Collect$$libinit$$00000021)
    .ARM.Collect$$libinit$$00000023          0x08000162   Section        0  libinit2.o(.ARM.Collect$$libinit$$00000023)
    .ARM.Collect$$libinit$$00000025          0x08000162   Section        0  libinit2.o(.ARM.Collect$$libinit$$00000025)
    .ARM.Collect$$libinit$$0000002C          0x08000162   Section        0  libinit2.o(.ARM.Collect$$libinit$$0000002C)
    .ARM.Collect$$libinit$$0000002E          0x08000162   Section        0  libinit2.o(.ARM.Collect$$libinit$$0000002E)
    .ARM.Collect$$libinit$$00000030          0x08000162   Section        0  libinit2.o(.ARM.Collect$$libinit$$00000030)
    .ARM.Collect$$libinit$$00000032          0x08000162   Section        0  libinit2.o(.ARM.Collect$$libinit$$00000032)
    .ARM.Collect$$libinit$$00000033          0x08000162   Section        2  libinit2.o(.ARM.Collect$$libinit$$00000033)
    .ARM.Collect$$libshutdown$$00000000      0x08000164   Section        2  libshutdown.o(.ARM.Collect$$libshutdown$$00000000)
    .ARM.Collect$$libshutdown$$00000003      0x08000166   Section        0  libshutdown2.o(.ARM.Collect$$libshutdown$$00000003)
    .ARM.Collect$$libshutdown$$00000006      0x08000166   Section        0  libshutdown2.o(.ARM.Collect$$libshutdown$$00000006)
    .ARM.Collect$$libshutdown$$00000009      0x08000166   Section        0  libshutdown2.o(.ARM.Collect$$libshutdown$$00000009)
    .ARM.Collect$$libshutdown$$0000000B      0x08000166   Section        0  libshutdown2.o(.ARM.Collect$$libshutdown$$0000000B)
    .ARM.Collect$$libshutdown$$0000000E      0x08000166   Section        0  libshutdown2.o(.ARM.Collect$$libshutdown$$0000000E)
    .ARM.Collect$$libshutdown$$0000000F      0x08000166   Section        2  libshutdown2.o(.ARM.Collect$$libshutdown$$0000000F)
    .ARM.Collect$$rtentry$$00000000          0x08000168   Section        0  __rtentry.o(.ARM.Collect$$rtentry$$00000000)
    .ARM.Collect$$rtentry$$00000002          0x08000168   Section        0  __rtentry2.o(.ARM.Collect$$rtentry$$00000002)
    .ARM.Collect$$rtentry$$00000004          0x08000168   Section        6  __rtentry4.o(.ARM.Collect$$rtentry$$00000004)
    .ARM.Collect$$rtentry$$00000009          0x0800016e   Section        0  __rtentry2.o(.ARM.Collect$$rtentry$$00000009)
    .ARM.Collect$$rtentry$$0000000A          0x0800016e   Section        4  __rtentry2.o(.ARM.Collect$$rtentry$$0000000A)
    .ARM.Collect$$rtentry$$0000000C          0x08000172   Section        0  __rtentry2.o(.ARM.Collect$$rtentry$$0000000C)
    .ARM.Collect$$rtentry$$0000000D          0x08000172   Section        8  __rtentry2.o(.ARM.Collect$$rtentry$$0000000D)
    .ARM.Collect$$rtexit$$00000000           0x0800017a   Section        2  rtexit.o(.ARM.Collect$$rtexit$$00000000)
    .ARM.Collect$$rtexit$$00000002           0x0800017c   Section        0  rtexit2.o(.ARM.Collect$$rtexit$$00000002)
    .ARM.Collect$$rtexit$$00000003           0x0800017c   Section        4  rtexit2.o(.ARM.Collect$$rtexit$$00000003)
    .ARM.Collect$$rtexit$$00000004           0x08000180   Section        6  rtexit2.o(.ARM.Collect$$rtexit$$00000004)
    .text                                    0x08000188   Section       64  startup_stm32f10x_md.o(.text)
    .text                                    0x080001c8   Section        2  use_no_semi_2.o(.text)
    .text                                    0x080001ca   Section        0  heapauxi.o(.text)
    .text                                    0x080001d0   Section        2  use_no_semi.o(.text)
    .text                                    0x080001d2   Section       74  sys_stackheap_outer.o(.text)
    .text                                    0x0800021c   Section        0  exit.o(.text)
    .text                                    0x08000228   Section        8  libspace.o(.text)
    i.All_Function_Handle                    0x08000230   Section        0  gpio.o(i.All_Function_Handle)
    i.BATTERY_Init                           0x080004a0   Section        0  battery.o(i.BATTERY_Init)
    i.BUZZER_Off                             0x080004d8   Section        0  buzzer.o(i.BUZZER_Off)
    i.BUZZER_On                              0x080004e8   Section        0  buzzer.o(i.BUZZER_On)
    i.BUZZER_Work                            0x08000500   Section        0  buzzer.o(i.BUZZER_Work)
    i.BusFault_Handler                       0x080005dc   Section        0  stm32f10x_it.o(i.BusFault_Handler)
    i.CAN1_Configuration                     0x080005e0   Section        0  can.o(i.CAN1_Configuration)
    i.CAN_FilterInit                         0x080006a8   Section        0  stm32f10x_can.o(i.CAN_FilterInit)
    i.CAN_Init                               0x080007b0   Section        0  stm32f10x_can.o(i.CAN_Init)
    i.CAN_Receive                            0x080008c4   Section        0  stm32f10x_can.o(i.CAN_Receive)
    i.CAN_Send_Msg                           0x080009b4   Section        0  can.o(i.CAN_Send_Msg)
    i.CAN_Transmit                           0x08000a28   Section        0  stm32f10x_can.o(i.CAN_Transmit)
    i.CAN_TransmitStatus                     0x08000b50   Section        0  stm32f10x_can.o(i.CAN_TransmitStatus)
    i.CalCRC16                               0x08000bf0   Section        0  usart1.o(i.CalCRC16)
    i.DebugMon_Handler                       0x08000c20   Section        0  stm32f10x_it.o(i.DebugMon_Handler)
    i.FLASH_ErasePage                        0x08000c24   Section        0  stm32f10x_flash.o(i.FLASH_ErasePage)
    i.FLASH_GetBank1Status                   0x08000c70   Section        0  stm32f10x_flash.o(i.FLASH_GetBank1Status)
    i.FLASH_Lock                             0x08000ca4   Section        0  stm32f10x_flash.o(i.FLASH_Lock)
    i.FLASH_ProgramHalfWord                  0x08000cb8   Section        0  stm32f10x_flash.o(i.FLASH_ProgramHalfWord)
    i.FLASH_Unlock                           0x08000cf8   Section        0  stm32f10x_flash.o(i.FLASH_Unlock)
    i.FLASH_WaitForLastOperation             0x08000d10   Section        0  stm32f10x_flash.o(i.FLASH_WaitForLastOperation)
    i.Flash_Read_Angle                       0x08000d38   Section        0  flash.o(i.Flash_Read_Angle)
    i.Flash_Read_SYNC                        0x08000df4   Section        0  flash.o(i.Flash_Read_SYNC)
    i.Flash_Save_Angle                       0x08000e34   Section        0  flash.o(i.Flash_Save_Angle)
    i.Flash_Save_SYNC                        0x08000ef0   Section        0  flash.o(i.Flash_Save_SYNC)
    i.GPIO_Init                              0x08000f48   Section        0  stm32f10x_gpio.o(i.GPIO_Init)
    i.GPIO_PinRemapConfig                    0x08001060   Section        0  stm32f10x_gpio.o(i.GPIO_PinRemapConfig)
    i.GPIO_ReadInputDataBit                  0x080010f0   Section        0  stm32f10x_gpio.o(i.GPIO_ReadInputDataBit)
    i.GPIO_ResetBits                         0x08001102   Section        0  stm32f10x_gpio.o(i.GPIO_ResetBits)
    i.GPIO_SetBits                           0x08001106   Section        0  stm32f10x_gpio.o(i.GPIO_SetBits)
    i.GPS_Init                               0x0800110a   Section        0  adapter.o(i.GPS_Init)
    i.HardFault_Handler                      0x08001138   Section        0  stm32f10x_it.o(i.HardFault_Handler)
    i.IIC_Init                               0x0800113c   Section        0  i2c.o(i.IIC_Init)
    i.IWDG_Enable                            0x080011a4   Section        0  stm32f10x_iwdg.o(i.IWDG_Enable)
    i.IWDG_Init                              0x080011b4   Section        0  iwdg.o(i.IWDG_Init)
    i.IWDG_ReloadCounter                     0x080011d8   Section        0  stm32f10x_iwdg.o(i.IWDG_ReloadCounter)
    i.IWDG_SetPrescaler                      0x080011e8   Section        0  stm32f10x_iwdg.o(i.IWDG_SetPrescaler)
    i.IWDG_SetReload                         0x080011f4   Section        0  stm32f10x_iwdg.o(i.IWDG_SetReload)
    i.IWDG_WriteAccessCmd                    0x08001200   Section        0  stm32f10x_iwdg.o(i.IWDG_WriteAccessCmd)
    i.KEY_Get_Touch_Type                     0x0800120c   Section        0  gpio.o(i.KEY_Get_Touch_Type)
    i.KEY_Main_Handle                        0x08001274   Section        0  gpio.o(i.KEY_Main_Handle)
    i.Key_GPIO_Init                          0x080013a0   Section        0  gpio.o(i.Key_GPIO_Init)
    i.LED_All_OFF                            0x080013c4   Section        0  gpio.o(i.LED_All_OFF)
    i.LED_All_ON                             0x080013f8   Section        0  gpio.o(i.LED_All_ON)
    i.LED_GPIO_Init                          0x0800142c   Section        0  gpio.o(i.LED_GPIO_Init)
    i.LED_One_G_OFF                          0x080014b4   Section        0  gpio.o(i.LED_One_G_OFF)
    i.LED_One_G_ON                           0x080014c8   Section        0  gpio.o(i.LED_One_G_ON)
    i.LED_Three_G_OFF                        0x080014dc   Section        0  gpio.o(i.LED_Three_G_OFF)
    i.LED_Three_G_ON                         0x08001508   Section        0  gpio.o(i.LED_Three_G_ON)
    i.LED_Work                               0x08001534   Section        0  gpio.o(i.LED_Work)
    i.LED_eerhT_G_OFF                        0x08001b54   Section        0  gpio.o(i.LED_eerhT_G_OFF)
    i.LED_eerhT_G_ON                         0x08001b80   Section        0  gpio.o(i.LED_eerhT_G_ON)
    i.LED_enO_G_OFF                          0x08001bac   Section        0  gpio.o(i.LED_enO_G_OFF)
    i.LED_enO_G_ON                           0x08001bc0   Section        0  gpio.o(i.LED_enO_G_ON)
    i.L_AS5600_EnableWd                      0x08001bd4   Section        0  angle_as5600.o(i.L_AS5600_EnableWd)
    i.L_AS5600_GetAngle                      0x08001bf0   Section        0  angle_as5600.o(i.L_AS5600_GetAngle)
    i.L_AS5600_ReadMagitue                   0x08001c30   Section        0  angle_as5600.o(i.L_AS5600_ReadMagitue)
    i.L_AS5600_ReadOneByte                   0x08001c50   Section        0  angle_as5600.o(i.L_AS5600_ReadOneByte)
    i.L_AS5600_SetOutputStage                0x08001c8c   Section        0  angle_as5600.o(i.L_AS5600_SetOutputStage)
    i.L_AS5600_SetPMMode                     0x08001cac   Section        0  angle_as5600.o(i.L_AS5600_SetPMMode)
    i.L_AS5600_WriteOneByte                  0x08001ccc   Section        0  angle_as5600.o(i.L_AS5600_WriteOneByte)
    i.L_IIC_Ack                              0x08001d00   Section        0  i2c.o(i.L_IIC_Ack)
    i.L_IIC_NAck                             0x08001d54   Section        0  i2c.o(i.L_IIC_NAck)
    i.L_IIC_Read_Byte                        0x08001da8   Section        0  i2c.o(i.L_IIC_Read_Byte)
    i.L_IIC_Send_Byte                        0x08001e20   Section        0  i2c.o(i.L_IIC_Send_Byte)
    i.L_IIC_Start                            0x08001ea4   Section        0  i2c.o(i.L_IIC_Start)
    i.L_IIC_Stop                             0x08001efc   Section        0  i2c.o(i.L_IIC_Stop)
    i.L_IIC_Wait_Ack                         0x08001f54   Section        0  i2c.o(i.L_IIC_Wait_Ack)
    i.MOTOR_Init                             0x08001fc8   Section        0  motor_driver.o(i.MOTOR_Init)
    i.MemManage_Handler                      0x08001fee   Section        0  stm32f10x_it.o(i.MemManage_Handler)
    i.NMI_Handler                            0x08001ff2   Section        0  stm32f10x_it.o(i.NMI_Handler)
    i.NVIC_Init                              0x08001ff4   Section        0  misc.o(i.NVIC_Init)
    i.Open_Close_Switch_Init                 0x08002064   Section        0  gpio.o(i.Open_Close_Switch_Init)
    i.PendSV_Handler                         0x08002078   Section        0  stm32f10x_it.o(i.PendSV_Handler)
    i.Put_TxBuf                              0x0800207a   Section        0  usart1.o(i.Put_TxBuf)
    i.RCC_APB1PeriphClockCmd                 0x080020a8   Section        0  stm32f10x_rcc.o(i.RCC_APB1PeriphClockCmd)
    i.RCC_APB1PeriphResetCmd                 0x080020c8   Section        0  stm32f10x_rcc.o(i.RCC_APB1PeriphResetCmd)
    i.RCC_APB2PeriphClockCmd                 0x080020e8   Section        0  stm32f10x_rcc.o(i.RCC_APB2PeriphClockCmd)
    i.RCC_APB2PeriphResetCmd                 0x08002108   Section        0  stm32f10x_rcc.o(i.RCC_APB2PeriphResetCmd)
    i.RCC_Configuration                      0x08002128   Section        0  main.o(i.RCC_Configuration)
    i.RCC_DeInit                             0x080021cc   Section        0  stm32f10x_rcc.o(i.RCC_DeInit)
    i.RCC_GetClocksFreq                      0x08002218   Section        0  stm32f10x_rcc.o(i.RCC_GetClocksFreq)
    i.RCC_GetFlagStatus                      0x080022ec   Section        0  stm32f10x_rcc.o(i.RCC_GetFlagStatus)
    i.RCC_HSICmd                             0x08002328   Section        0  stm32f10x_rcc.o(i.RCC_HSICmd)
    i.RCC_PLLCmd                             0x08002334   Section        0  stm32f10x_rcc.o(i.RCC_PLLCmd)
    i.R_AS5600_EnableWd                      0x08002340   Section        0  angle_as5600.o(i.R_AS5600_EnableWd)
    i.R_AS5600_GetAGC                        0x0800235c   Section        0  angle_as5600.o(i.R_AS5600_GetAGC)
    i.R_AS5600_GetAngle                      0x08002368   Section        0  angle_as5600.o(i.R_AS5600_GetAngle)
    i.R_AS5600_ReadConf                      0x080023a8   Section        0  angle_as5600.o(i.R_AS5600_ReadConf)
    i.R_AS5600_ReadMagitue                   0x080023c8   Section        0  angle_as5600.o(i.R_AS5600_ReadMagitue)
    i.R_AS5600_ReadOneByte                   0x080023e8   Section        0  angle_as5600.o(i.R_AS5600_ReadOneByte)
    i.R_AS5600_SetOutputStage                0x08002424   Section        0  angle_as5600.o(i.R_AS5600_SetOutputStage)
    i.R_AS5600_SetPMMode                     0x08002444   Section        0  angle_as5600.o(i.R_AS5600_SetPMMode)
    i.R_AS5600_WriteOneByte                  0x08002464   Section        0  angle_as5600.o(i.R_AS5600_WriteOneByte)
    i.R_IIC_Ack                              0x08002498   Section        0  i2c.o(i.R_IIC_Ack)
    i.R_IIC_NAck                             0x080024e4   Section        0  i2c.o(i.R_IIC_NAck)
    i.R_IIC_Read_Byte                        0x08002530   Section        0  i2c.o(i.R_IIC_Read_Byte)
    i.R_IIC_Send_Byte                        0x0800259c   Section        0  i2c.o(i.R_IIC_Send_Byte)
    i.R_IIC_Start                            0x0800260c   Section        0  i2c.o(i.R_IIC_Start)
    i.R_IIC_Stop                             0x08002658   Section        0  i2c.o(i.R_IIC_Stop)
    i.R_IIC_Wait_Ack                         0x080026a4   Section        0  i2c.o(i.R_IIC_Wait_Ack)
    i.Read_RxBuf                             0x08002708   Section        0  usart1.o(i.Read_RxBuf)
    i.Receive_Check                          0x08002748   Section        0  usart1.o(i.Receive_Check)
    Receive_Check                            0x08002749   Thumb Code   300  usart1.o(i.Receive_Check)
    i.Receive_L_Handle                       0x08002874   Section        0  usart1.o(i.Receive_L_Handle)
    i.Receive_M_Handle                       0x08002bf4   Section        0  usart1.o(i.Receive_M_Handle)
    i.Receive_N_Battery_Check                0x08002c20   Section        0  usart1.o(i.Receive_N_Battery_Check)
    Receive_N_Battery_Check                  0x08002c21   Thumb Code   360  usart1.o(i.Receive_N_Battery_Check)
    i.Receive_N_Handle1                      0x08002d88   Section        0  usart1.o(i.Receive_N_Handle1)
    i.Receive_N_Handle2                      0x08002de8   Section        0  usart1.o(i.Receive_N_Handle2)
    i.Receive_R_Handle                       0x08002e48   Section        0  usart1.o(i.Receive_R_Handle)
    i.Receive_YD_Battery_Check               0x080031c8   Section        0  usart1.o(i.Receive_YD_Battery_Check)
    Receive_YD_Battery_Check                 0x080031c9   Thumb Code   422  usart1.o(i.Receive_YD_Battery_Check)
    i.Receive_YD_Handle1                     0x08003370   Section        0  usart1.o(i.Receive_YD_Handle1)
    i.Receive_YD_Handle2                     0x080033d8   Section        0  usart1.o(i.Receive_YD_Handle2)
    i.STMFLASH_Read                          0x08003440   Section        0  flash.o(i.STMFLASH_Read)
    i.STMFLASH_ReadHalfWord                  0x08003462   Section        0  flash.o(i.STMFLASH_ReadHalfWord)
    i.STMFLASH_Write                         0x08003468   Section        0  flash.o(i.STMFLASH_Write)
    i.STMFLASH_Write_NoCheck                 0x080034c8   Section        0  flash.o(i.STMFLASH_Write_NoCheck)
    i.SVC_Handler                            0x080034ee   Section        0  stm32f10x_it.o(i.SVC_Handler)
    i.SendData_Filling                       0x080034f0   Section        0  usart1.o(i.SendData_Filling)
    i.SetSysClock                            0x08003cb8   Section        0  system_stm32f10x.o(i.SetSysClock)
    SetSysClock                              0x08003cb9   Thumb Code     8  system_stm32f10x.o(i.SetSysClock)
    i.SetSysClockTo72                        0x08003cc0   Section        0  system_stm32f10x.o(i.SetSysClockTo72)
    SetSysClockTo72                          0x08003cc1   Thumb Code   214  system_stm32f10x.o(i.SetSysClockTo72)
    i.SysTick_CLKSourceConfig                0x08003da0   Section        0  misc.o(i.SysTick_CLKSourceConfig)
    i.SysTick_Handler                        0x08003dc8   Section        0  stm32f10x_it.o(i.SysTick_Handler)
    i.SystemInit                             0x08003dcc   Section        0  system_stm32f10x.o(i.SystemInit)
    i.THROTTLE_Calc                          0x08003e2c   Section        0  angle_as5600.o(i.THROTTLE_Calc)
    i.THROTTLE_Init                          0x08004530   Section        0  angle_as5600.o(i.THROTTLE_Init)
    i.TIM1_Init                              0x08004590   Section        0  tim.o(i.TIM1_Init)
    i.TIM1_UP_IRQHandler                     0x08004680   Section        0  tim.o(i.TIM1_UP_IRQHandler)
    i.TIM_ARRPreloadConfig                   0x08004754   Section        0  stm32f10x_tim.o(i.TIM_ARRPreloadConfig)
    i.TIM_ClearFlag                          0x0800476c   Section        0  stm32f10x_tim.o(i.TIM_ClearFlag)
    i.TIM_ClearITPendingBit                  0x08004772   Section        0  stm32f10x_tim.o(i.TIM_ClearITPendingBit)
    i.TIM_Cmd                                0x08004778   Section        0  stm32f10x_tim.o(i.TIM_Cmd)
    i.TIM_CtrlPWMOutputs                     0x08004790   Section        0  stm32f10x_tim.o(i.TIM_CtrlPWMOutputs)
    i.TIM_DeInit                             0x080047b0   Section        0  stm32f10x_tim.o(i.TIM_DeInit)
    i.TIM_GetITStatus                        0x08004998   Section        0  stm32f10x_tim.o(i.TIM_GetITStatus)
    i.TIM_ITConfig                           0x080049ba   Section        0  stm32f10x_tim.o(i.TIM_ITConfig)
    i.TIM_OC1Init                            0x080049cc   Section        0  stm32f10x_tim.o(i.TIM_OC1Init)
    i.TIM_OC1PreloadConfig                   0x08004a64   Section        0  stm32f10x_tim.o(i.TIM_OC1PreloadConfig)
    i.TIM_OCStructInit                       0x08004a76   Section        0  stm32f10x_tim.o(i.TIM_OCStructInit)
    i.TIM_TimeBaseInit                       0x08004a8c   Section        0  stm32f10x_tim.o(i.TIM_TimeBaseInit)
    i.TIM_TimeBaseStructInit                 0x08004b30   Section        0  stm32f10x_tim.o(i.TIM_TimeBaseStructInit)
    i.Throttle_Value_Conversion              0x08004b42   Section        0  angle_as5600.o(i.Throttle_Value_Conversion)
    i.UART1_SendArray                        0x08005650   Section        0  usart1.o(i.UART1_SendArray)
    i.UART1_SendByte                         0x0800567c   Section        0  usart1.o(i.UART1_SendByte)
    i.UART2_SendArray                        0x0800569c   Section        0  usart1.o(i.UART2_SendArray)
    i.UART2_SendByte                         0x080056c8   Section        0  usart1.o(i.UART2_SendByte)
    i.UART3_SendArray                        0x080056e8   Section        0  usart1.o(i.UART3_SendArray)
    i.UART3_SendByte                         0x08005714   Section        0  usart1.o(i.UART3_SendByte)
    i.USART1_2_3_Init                        0x08005734   Section        0  usart1.o(i.USART1_2_3_Init)
    i.USART1_Config                          0x0800574c   Section        0  usart1.o(i.USART1_Config)
    i.USART1_IRQHandler                      0x08005808   Section        0  usart1.o(i.USART1_IRQHandler)
    i.USART2_Config                          0x08005914   Section        0  usart1.o(i.USART2_Config)
    i.USART2_IRQHandler                      0x080059d0   Section        0  usart1.o(i.USART2_IRQHandler)
    i.USART3_Config                          0x08005adc   Section        0  usart1.o(i.USART3_Config)
    i.USART3_IRQHandler                      0x08005b9c   Section        0  usart1.o(i.USART3_IRQHandler)
    i.USART_ClearITPendingBit                0x08005bf4   Section        0  stm32f10x_usart.o(i.USART_ClearITPendingBit)
    i.USART_Cmd                              0x08005c12   Section        0  stm32f10x_usart.o(i.USART_Cmd)
    i.USART_GetFlagStatus                    0x08005c2a   Section        0  stm32f10x_usart.o(i.USART_GetFlagStatus)
    i.USART_GetITStatus                      0x08005c44   Section        0  stm32f10x_usart.o(i.USART_GetITStatus)
    i.USART_ITConfig                         0x08005c98   Section        0  stm32f10x_usart.o(i.USART_ITConfig)
    i.USART_Init                             0x08005ce4   Section        0  stm32f10x_usart.o(i.USART_Init)
    i.USART_SendData                         0x08005dbc   Section        0  stm32f10x_usart.o(i.USART_SendData)
    i.USB_LP_CAN1_RX0_IRQHandler             0x08005dc4   Section        0  can.o(i.USB_LP_CAN1_RX0_IRQHandler)
    i.UsageFault_Handler                     0x08005e5c   Section        0  stm32f10x_it.o(i.UsageFault_Handler)
    i.Write_RxBuf                            0x08005e60   Section        0  usart1.o(i.Write_RxBuf)
    i.YD_BatteryData_Filling                 0x08005ea0   Section        0  usart1.o(i.YD_BatteryData_Filling)
    i._sys_exit                              0x08006084   Section        0  usart.o(i._sys_exit)
    i.delay_init                             0x0800608c   Section        0  delay.o(i.delay_init)
    i.delay_ms                               0x080060d0   Section        0  delay.o(i.delay_ms)
    i.delay_us                               0x0800611c   Section        0  delay.o(i.delay_us)
    i.main                                   0x08006168   Section        0  main.o(i.main)
    x$fpl$fdiv                               0x08006944   Section      388  fdiv.o(x$fpl$fdiv)
    _fdiv1                                   0x08006945   Thumb Code     0  fdiv.o(x$fpl$fdiv)
    x$fpl$ffix                               0x08006ac8   Section       54  ffix.o(x$fpl$ffix)
    x$fpl$ffixu                              0x08006b00   Section       62  ffixu.o(x$fpl$ffixu)
    x$fpl$fflt                               0x08006b40   Section       48  fflt_clz.o(x$fpl$fflt)
    x$fpl$ffltu                              0x08006b70   Section       38  fflt_clz.o(x$fpl$ffltu)
    x$fpl$fmul                               0x08006b98   Section      258  fmul.o(x$fpl$fmul)
    x$fpl$fnaninf                            0x08006c9a   Section      140  fnaninf.o(x$fpl$fnaninf)
    x$fpl$fretinf                            0x08006d26   Section       10  fretinf.o(x$fpl$fretinf)
    .constdata                               0x08006d30   Section      512  usart1.o(.constdata)
    x$fpl$usenofp                            0x08006d30   Section        0  usenofp.o(x$fpl$usenofp)
    .data                                    0x20000000   Section       24  main.o(.data)
    .data                                    0x20000018   Section        8  gpio.o(.data)
    .data                                    0x20000020   Section       13  tim.o(.data)
    .data                                    0x2000002d   Section        1  usart1.o(.data)
    .data                                    0x2000002e   Section       12  key_control_mode.o(.data)
    .data                                    0x2000003c   Section       20  system_stm32f10x.o(.data)
    .data                                    0x20000050   Section       20  stm32f10x_rcc.o(.data)
    APBAHBPrescTable                         0x20000050   Data          16  stm32f10x_rcc.o(.data)
    ADCPrescTable                            0x20000060   Data           4  stm32f10x_rcc.o(.data)
    .data                                    0x20000064   Section        4  delay.o(.data)
    fac_us                                   0x20000064   Data           1  delay.o(.data)
    fac_ms                                   0x20000066   Data           2  delay.o(.data)
    .bss                                     0x20000068   Section       26  main.o(.bss)
    .bss                                     0x20000082   Section        9  buzzer.o(.bss)
    .bss                                     0x2000008b   Section       23  gpio.o(.bss)
    .bss                                     0x200000a2   Section      234  usart1.o(.bss)
    .bss                                     0x2000018c   Section     1082  flash.o(.bss)
    .bss                                     0x200005c8   Section       84  angle_as5600.o(.bss)
    .bss                                     0x2000061c   Section       68  motor_driver.o(.bss)
    .bss                                     0x20000660   Section       96  adapter.o(.bss)
    .bss                                     0x200006c0   Section       50  battery.o(.bss)
    .bss                                     0x200006f4   Section       96  libspace.o(.bss)
    HEAP                                     0x20000758   Section      512  startup_stm32f10x_md.o(HEAP)
    Heap_Mem                                 0x20000758   Data         512  startup_stm32f10x_md.o(HEAP)
    STACK                                    0x20000958   Section     1024  startup_stm32f10x_md.o(STACK)
    Stack_Mem                                0x20000958   Data        1024  startup_stm32f10x_md.o(STACK)
    __initial_sp                             0x20000d58   Data           0  startup_stm32f10x_md.o(STACK)

    Global Symbols

    Symbol Name                              Value     Ov Type        Size  Object(Section)

    BuildAttributes$$THM_ISAv4$P$D$K$B$S$PE$A:L22UL41UL21$X:L11$S22US41US21$IEEE1$IW$USESV6$~STKCKD$USESV7$~SHL$OSPACE$ROPI$EBA8$UX$STANDARDLIB$REQ8$PRES8$EABIv2 0x00000000   Number         0  anon$$obj.o ABSOLUTE
    __ARM_use_no_argv                        0x00000000   Number         0  main.o ABSOLUTE
    __ARM_exceptions_init                     - Undefined Weak Reference
    __alloca_initialize                       - Undefined Weak Reference
    __arm_preinit_                            - Undefined Weak Reference
    __cpp_initialize__aeabi_                  - Undefined Weak Reference
    __cxa_finalize                            - Undefined Weak Reference
    __rt_locale                               - Undefined Weak Reference
    __sigvec_lookup                           - Undefined Weak Reference
    _atexit_init                              - Undefined Weak Reference
    _call_atexit_fns                          - Undefined Weak Reference
    _clock_init                               - Undefined Weak Reference
    _fp_trap_init                             - Undefined Weak Reference
    _fp_trap_shutdown                         - Undefined Weak Reference
    _get_lc_collate                           - Undefined Weak Reference
    _get_lc_ctype                             - Undefined Weak Reference
    _get_lc_monetary                          - Undefined Weak Reference
    _get_lc_numeric                           - Undefined Weak Reference
    _get_lc_time                              - Undefined Weak Reference
    _getenv_init                              - Undefined Weak Reference
    _handle_redirection                       - Undefined Weak Reference
    _init_alloc                               - Undefined Weak Reference
    _init_user_alloc                          - Undefined Weak Reference
    _initio                                   - Undefined Weak Reference
    _rand_init                                - Undefined Weak Reference
    _signal_finish                            - Undefined Weak Reference
    _signal_init                              - Undefined Weak Reference
    _terminate_alloc                          - Undefined Weak Reference
    _terminate_user_alloc                     - Undefined Weak Reference
    _terminateio                              - Undefined Weak Reference
    __Vectors_Size                           0x000000ec   Number         0  startup_stm32f10x_md.o ABSOLUTE
    __Vectors                                0x08000000   Data           4  startup_stm32f10x_md.o(RESET)
    __Vectors_End                            0x080000ec   Data           0  startup_stm32f10x_md.o(RESET)
    __main                                   0x080000ed   Thumb Code     8  __main.o(!!!main)
    __scatterload                            0x080000f5   Thumb Code     0  __scatter.o(!!!scatter)
    __scatterload_rt2                        0x080000f5   Thumb Code    44  __scatter.o(!!!scatter)
    __scatterload_rt2_thumb_only             0x080000f5   Thumb Code     0  __scatter.o(!!!scatter)
    __scatterload_null                       0x08000103   Thumb Code     0  __scatter.o(!!!scatter)
    __scatterload_copy                       0x08000129   Thumb Code    26  __scatter_copy.o(!!handler_copy)
    __scatterload_zeroinit                   0x08000145   Thumb Code    28  __scatter_zi.o(!!handler_zi)
    __rt_lib_init                            0x08000161   Thumb Code     0  libinit.o(.ARM.Collect$$libinit$$00000000)
    __rt_lib_init_alloca_1                   0x08000163   Thumb Code     0  libinit2.o(.ARM.Collect$$libinit$$0000002E)
    __rt_lib_init_argv_1                     0x08000163   Thumb Code     0  libinit2.o(.ARM.Collect$$libinit$$0000002C)
    __rt_lib_init_atexit_1                   0x08000163   Thumb Code     0  libinit2.o(.ARM.Collect$$libinit$$0000001B)
    __rt_lib_init_clock_1                    0x08000163   Thumb Code     0  libinit2.o(.ARM.Collect$$libinit$$00000021)
    __rt_lib_init_cpp_1                      0x08000163   Thumb Code     0  libinit2.o(.ARM.Collect$$libinit$$00000032)
    __rt_lib_init_exceptions_1               0x08000163   Thumb Code     0  libinit2.o(.ARM.Collect$$libinit$$00000030)
    __rt_lib_init_fp_1                       0x08000163   Thumb Code     0  libinit2.o(.ARM.Collect$$libinit$$00000002)
    __rt_lib_init_fp_trap_1                  0x08000163   Thumb Code     0  libinit2.o(.ARM.Collect$$libinit$$0000001F)
    __rt_lib_init_getenv_1                   0x08000163   Thumb Code     0  libinit2.o(.ARM.Collect$$libinit$$00000023)
    __rt_lib_init_heap_1                     0x08000163   Thumb Code     0  libinit2.o(.ARM.Collect$$libinit$$0000000A)
    __rt_lib_init_lc_collate_1               0x08000163   Thumb Code     0  libinit2.o(.ARM.Collect$$libinit$$00000011)
    __rt_lib_init_lc_ctype_1                 0x08000163   Thumb Code     0  libinit2.o(.ARM.Collect$$libinit$$00000013)
    __rt_lib_init_lc_monetary_1              0x08000163   Thumb Code     0  libinit2.o(.ARM.Collect$$libinit$$00000015)
    __rt_lib_init_lc_numeric_1               0x08000163   Thumb Code     0  libinit2.o(.ARM.Collect$$libinit$$00000017)
    __rt_lib_init_lc_time_1                  0x08000163   Thumb Code     0  libinit2.o(.ARM.Collect$$libinit$$00000019)
    __rt_lib_init_preinit_1                  0x08000163   Thumb Code     0  libinit2.o(.ARM.Collect$$libinit$$00000004)
    __rt_lib_init_rand_1                     0x08000163   Thumb Code     0  libinit2.o(.ARM.Collect$$libinit$$0000000E)
    __rt_lib_init_return                     0x08000163   Thumb Code     0  libinit2.o(.ARM.Collect$$libinit$$00000033)
    __rt_lib_init_signal_1                   0x08000163   Thumb Code     0  libinit2.o(.ARM.Collect$$libinit$$0000001D)
    __rt_lib_init_stdio_1                    0x08000163   Thumb Code     0  libinit2.o(.ARM.Collect$$libinit$$00000025)
    __rt_lib_init_user_alloc_1               0x08000163   Thumb Code     0  libinit2.o(.ARM.Collect$$libinit$$0000000C)
    __rt_lib_shutdown                        0x08000165   Thumb Code     0  libshutdown.o(.ARM.Collect$$libshutdown$$00000000)
    __rt_lib_shutdown_fp_trap_1              0x08000167   Thumb Code     0  libshutdown2.o(.ARM.Collect$$libshutdown$$00000006)
    __rt_lib_shutdown_heap_1                 0x08000167   Thumb Code     0  libshutdown2.o(.ARM.Collect$$libshutdown$$0000000E)
    __rt_lib_shutdown_return                 0x08000167   Thumb Code     0  libshutdown2.o(.ARM.Collect$$libshutdown$$0000000F)
    __rt_lib_shutdown_signal_1               0x08000167   Thumb Code     0  libshutdown2.o(.ARM.Collect$$libshutdown$$00000009)
    __rt_lib_shutdown_stdio_1                0x08000167   Thumb Code     0  libshutdown2.o(.ARM.Collect$$libshutdown$$00000003)
    __rt_lib_shutdown_user_alloc_1           0x08000167   Thumb Code     0  libshutdown2.o(.ARM.Collect$$libshutdown$$0000000B)
    __rt_entry                               0x08000169   Thumb Code     0  __rtentry.o(.ARM.Collect$$rtentry$$00000000)
    __rt_entry_presh_1                       0x08000169   Thumb Code     0  __rtentry2.o(.ARM.Collect$$rtentry$$00000002)
    __rt_entry_sh                            0x08000169   Thumb Code     0  __rtentry4.o(.ARM.Collect$$rtentry$$00000004)
    __rt_entry_li                            0x0800016f   Thumb Code     0  __rtentry2.o(.ARM.Collect$$rtentry$$0000000A)
    __rt_entry_postsh_1                      0x0800016f   Thumb Code     0  __rtentry2.o(.ARM.Collect$$rtentry$$00000009)
    __rt_entry_main                          0x08000173   Thumb Code     0  __rtentry2.o(.ARM.Collect$$rtentry$$0000000D)
    __rt_entry_postli_1                      0x08000173   Thumb Code     0  __rtentry2.o(.ARM.Collect$$rtentry$$0000000C)
    __rt_exit                                0x0800017b   Thumb Code     0  rtexit.o(.ARM.Collect$$rtexit$$00000000)
    __rt_exit_ls                             0x0800017d   Thumb Code     0  rtexit2.o(.ARM.Collect$$rtexit$$00000003)
    __rt_exit_prels_1                        0x0800017d   Thumb Code     0  rtexit2.o(.ARM.Collect$$rtexit$$00000002)
    __rt_exit_exit                           0x08000181   Thumb Code     0  rtexit2.o(.ARM.Collect$$rtexit$$00000004)
    Reset_Handler                            0x08000189   Thumb Code     8  startup_stm32f10x_md.o(.text)
    ADC1_2_IRQHandler                        0x080001a3   Thumb Code     0  startup_stm32f10x_md.o(.text)
    CAN1_RX1_IRQHandler                      0x080001a3   Thumb Code     0  startup_stm32f10x_md.o(.text)
    CAN1_SCE_IRQHandler                      0x080001a3   Thumb Code     0  startup_stm32f10x_md.o(.text)
    DMA1_Channel1_IRQHandler                 0x080001a3   Thumb Code     0  startup_stm32f10x_md.o(.text)
    DMA1_Channel2_IRQHandler                 0x080001a3   Thumb Code     0  startup_stm32f10x_md.o(.text)
    DMA1_Channel3_IRQHandler                 0x080001a3   Thumb Code     0  startup_stm32f10x_md.o(.text)
    DMA1_Channel4_IRQHandler                 0x080001a3   Thumb Code     0  startup_stm32f10x_md.o(.text)
    DMA1_Channel5_IRQHandler                 0x080001a3   Thumb Code     0  startup_stm32f10x_md.o(.text)
    DMA1_Channel6_IRQHandler                 0x080001a3   Thumb Code     0  startup_stm32f10x_md.o(.text)
    DMA1_Channel7_IRQHandler                 0x080001a3   Thumb Code     0  startup_stm32f10x_md.o(.text)
    EXTI0_IRQHandler                         0x080001a3   Thumb Code     0  startup_stm32f10x_md.o(.text)
    EXTI15_10_IRQHandler                     0x080001a3   Thumb Code     0  startup_stm32f10x_md.o(.text)
    EXTI1_IRQHandler                         0x080001a3   Thumb Code     0  startup_stm32f10x_md.o(.text)
    EXTI2_IRQHandler                         0x080001a3   Thumb Code     0  startup_stm32f10x_md.o(.text)
    EXTI3_IRQHandler                         0x080001a3   Thumb Code     0  startup_stm32f10x_md.o(.text)
    EXTI4_IRQHandler                         0x080001a3   Thumb Code     0  startup_stm32f10x_md.o(.text)
    EXTI9_5_IRQHandler                       0x080001a3   Thumb Code     0  startup_stm32f10x_md.o(.text)
    FLASH_IRQHandler                         0x080001a3   Thumb Code     0  startup_stm32f10x_md.o(.text)
    I2C1_ER_IRQHandler                       0x080001a3   Thumb Code     0  startup_stm32f10x_md.o(.text)
    I2C1_EV_IRQHandler                       0x080001a3   Thumb Code     0  startup_stm32f10x_md.o(.text)
    I2C2_ER_IRQHandler                       0x080001a3   Thumb Code     0  startup_stm32f10x_md.o(.text)
    I2C2_EV_IRQHandler                       0x080001a3   Thumb Code     0  startup_stm32f10x_md.o(.text)
    PVD_IRQHandler                           0x080001a3   Thumb Code     0  startup_stm32f10x_md.o(.text)
    RCC_IRQHandler                           0x080001a3   Thumb Code     0  startup_stm32f10x_md.o(.text)
    RTCAlarm_IRQHandler                      0x080001a3   Thumb Code     0  startup_stm32f10x_md.o(.text)
    RTC_IRQHandler                           0x080001a3   Thumb Code     0  startup_stm32f10x_md.o(.text)
    SPI1_IRQHandler                          0x080001a3   Thumb Code     0  startup_stm32f10x_md.o(.text)
    SPI2_IRQHandler                          0x080001a3   Thumb Code     0  startup_stm32f10x_md.o(.text)
    TAMPER_IRQHandler                        0x080001a3   Thumb Code     0  startup_stm32f10x_md.o(.text)
    TIM1_BRK_IRQHandler                      0x080001a3   Thumb Code     0  startup_stm32f10x_md.o(.text)
    TIM1_CC_IRQHandler                       0x080001a3   Thumb Code     0  startup_stm32f10x_md.o(.text)
    TIM1_TRG_COM_IRQHandler                  0x080001a3   Thumb Code     0  startup_stm32f10x_md.o(.text)
    TIM2_IRQHandler                          0x080001a3   Thumb Code     0  startup_stm32f10x_md.o(.text)
    TIM3_IRQHandler                          0x080001a3   Thumb Code     0  startup_stm32f10x_md.o(.text)
    TIM4_IRQHandler                          0x080001a3   Thumb Code     0  startup_stm32f10x_md.o(.text)
    USBWakeUp_IRQHandler                     0x080001a3   Thumb Code     0  startup_stm32f10x_md.o(.text)
    USB_HP_CAN1_TX_IRQHandler                0x080001a3   Thumb Code     0  startup_stm32f10x_md.o(.text)
    WWDG_IRQHandler                          0x080001a3   Thumb Code     0  startup_stm32f10x_md.o(.text)
    __user_initial_stackheap                 0x080001a5   Thumb Code     0  startup_stm32f10x_md.o(.text)
    __use_no_semihosting                     0x080001c9   Thumb Code     2  use_no_semi_2.o(.text)
    __use_two_region_memory                  0x080001cb   Thumb Code     2  heapauxi.o(.text)
    __rt_heap_escrow$2region                 0x080001cd   Thumb Code     2  heapauxi.o(.text)
    __rt_heap_expand$2region                 0x080001cf   Thumb Code     2  heapauxi.o(.text)
    __I$use$semihosting                      0x080001d1   Thumb Code     0  use_no_semi.o(.text)
    __use_no_semihosting_swi                 0x080001d1   Thumb Code     2  use_no_semi.o(.text)
    __user_setup_stackheap                   0x080001d3   Thumb Code    74  sys_stackheap_outer.o(.text)
    exit                                     0x0800021d   Thumb Code    12  exit.o(.text)
    __user_libspace                          0x08000229   Thumb Code     8  libspace.o(.text)
    __user_perproc_libspace                  0x08000229   Thumb Code     0  libspace.o(.text)
    __user_perthread_libspace                0x08000229   Thumb Code     0  libspace.o(.text)
    All_Function_Handle                      0x08000231   Thumb Code   582  gpio.o(i.All_Function_Handle)
    BATTERY_Init                             0x080004a1   Thumb Code    56  battery.o(i.BATTERY_Init)
    BUZZER_Off                               0x080004d9   Thumb Code    12  buzzer.o(i.BUZZER_Off)
    BUZZER_On                                0x080004e9   Thumb Code    20  buzzer.o(i.BUZZER_On)
    BUZZER_Work                              0x08000501   Thumb Code   212  buzzer.o(i.BUZZER_Work)
    BusFault_Handler                         0x080005dd   Thumb Code     4  stm32f10x_it.o(i.BusFault_Handler)
    CAN1_Configuration                       0x080005e1   Thumb Code   190  can.o(i.CAN1_Configuration)
    CAN_FilterInit                           0x080006a9   Thumb Code   258  stm32f10x_can.o(i.CAN_FilterInit)
    CAN_Init                                 0x080007b1   Thumb Code   276  stm32f10x_can.o(i.CAN_Init)
    CAN_Receive                              0x080008c5   Thumb Code   240  stm32f10x_can.o(i.CAN_Receive)
    CAN_Send_Msg                             0x080009b5   Thumb Code   108  can.o(i.CAN_Send_Msg)
    CAN_Transmit                             0x08000a29   Thumb Code   294  stm32f10x_can.o(i.CAN_Transmit)
    CAN_TransmitStatus                       0x08000b51   Thumb Code   138  stm32f10x_can.o(i.CAN_TransmitStatus)
    CalCRC16                                 0x08000bf1   Thumb Code    42  usart1.o(i.CalCRC16)
    DebugMon_Handler                         0x08000c21   Thumb Code     2  stm32f10x_it.o(i.DebugMon_Handler)
    FLASH_ErasePage                          0x08000c25   Thumb Code    72  stm32f10x_flash.o(i.FLASH_ErasePage)
    FLASH_GetBank1Status                     0x08000c71   Thumb Code    48  stm32f10x_flash.o(i.FLASH_GetBank1Status)
    FLASH_Lock                               0x08000ca5   Thumb Code    14  stm32f10x_flash.o(i.FLASH_Lock)
    FLASH_ProgramHalfWord                    0x08000cb9   Thumb Code    60  stm32f10x_flash.o(i.FLASH_ProgramHalfWord)
    FLASH_Unlock                             0x08000cf9   Thumb Code    12  stm32f10x_flash.o(i.FLASH_Unlock)
    FLASH_WaitForLastOperation               0x08000d11   Thumb Code    38  stm32f10x_flash.o(i.FLASH_WaitForLastOperation)
    Flash_Read_Angle                         0x08000d39   Thumb Code   176  flash.o(i.Flash_Read_Angle)
    Flash_Read_SYNC                          0x08000df5   Thumb Code    56  flash.o(i.Flash_Read_SYNC)
    Flash_Save_Angle                         0x08000e35   Thumb Code   176  flash.o(i.Flash_Save_Angle)
    Flash_Save_SYNC                          0x08000ef1   Thumb Code    80  flash.o(i.Flash_Save_SYNC)
    GPIO_Init                                0x08000f49   Thumb Code   278  stm32f10x_gpio.o(i.GPIO_Init)
    GPIO_PinRemapConfig                      0x08001061   Thumb Code   138  stm32f10x_gpio.o(i.GPIO_PinRemapConfig)
    GPIO_ReadInputDataBit                    0x080010f1   Thumb Code    18  stm32f10x_gpio.o(i.GPIO_ReadInputDataBit)
    GPIO_ResetBits                           0x08001103   Thumb Code     4  stm32f10x_gpio.o(i.GPIO_ResetBits)
    GPIO_SetBits                             0x08001107   Thumb Code     4  stm32f10x_gpio.o(i.GPIO_SetBits)
    GPS_Init                                 0x0800110b   Thumb Code    46  adapter.o(i.GPS_Init)
    HardFault_Handler                        0x08001139   Thumb Code     4  stm32f10x_it.o(i.HardFault_Handler)
    IIC_Init                                 0x0800113d   Thumb Code   100  i2c.o(i.IIC_Init)
    IWDG_Enable                              0x080011a5   Thumb Code    10  stm32f10x_iwdg.o(i.IWDG_Enable)
    IWDG_Init                                0x080011b5   Thumb Code    36  iwdg.o(i.IWDG_Init)
    IWDG_ReloadCounter                       0x080011d9   Thumb Code    10  stm32f10x_iwdg.o(i.IWDG_ReloadCounter)
    IWDG_SetPrescaler                        0x080011e9   Thumb Code     6  stm32f10x_iwdg.o(i.IWDG_SetPrescaler)
    IWDG_SetReload                           0x080011f5   Thumb Code     6  stm32f10x_iwdg.o(i.IWDG_SetReload)
    IWDG_WriteAccessCmd                      0x08001201   Thumb Code     6  stm32f10x_iwdg.o(i.IWDG_WriteAccessCmd)
    KEY_Get_Touch_Type                       0x0800120d   Thumb Code    98  gpio.o(i.KEY_Get_Touch_Type)
    KEY_Main_Handle                          0x08001275   Thumb Code   288  gpio.o(i.KEY_Main_Handle)
    Key_GPIO_Init                            0x080013a1   Thumb Code    32  gpio.o(i.Key_GPIO_Init)
    LED_All_OFF                              0x080013c5   Thumb Code    44  gpio.o(i.LED_All_OFF)
    LED_All_ON                               0x080013f9   Thumb Code    44  gpio.o(i.LED_All_ON)
    LED_GPIO_Init                            0x0800142d   Thumb Code   118  gpio.o(i.LED_GPIO_Init)
    LED_One_G_OFF                            0x080014b5   Thumb Code    14  gpio.o(i.LED_One_G_OFF)
    LED_One_G_ON                             0x080014c9   Thumb Code    14  gpio.o(i.LED_One_G_ON)
    LED_Three_G_OFF                          0x080014dd   Thumb Code    34  gpio.o(i.LED_Three_G_OFF)
    LED_Three_G_ON                           0x08001509   Thumb Code    34  gpio.o(i.LED_Three_G_ON)
    LED_Work                                 0x08001535   Thumb Code  1556  gpio.o(i.LED_Work)
    LED_eerhT_G_OFF                          0x08001b55   Thumb Code    34  gpio.o(i.LED_eerhT_G_OFF)
    LED_eerhT_G_ON                           0x08001b81   Thumb Code    34  gpio.o(i.LED_eerhT_G_ON)
    LED_enO_G_OFF                            0x08001bad   Thumb Code    14  gpio.o(i.LED_enO_G_OFF)
    LED_enO_G_ON                             0x08001bc1   Thumb Code    14  gpio.o(i.LED_enO_G_ON)
    L_AS5600_EnableWd                        0x08001bd5   Thumb Code    28  angle_as5600.o(i.L_AS5600_EnableWd)
    L_AS5600_GetAngle                        0x08001bf1   Thumb Code    58  angle_as5600.o(i.L_AS5600_GetAngle)
    L_AS5600_ReadMagitue                     0x08001c31   Thumb Code    32  angle_as5600.o(i.L_AS5600_ReadMagitue)
    L_AS5600_ReadOneByte                     0x08001c51   Thumb Code    60  angle_as5600.o(i.L_AS5600_ReadOneByte)
    L_AS5600_SetOutputStage                  0x08001c8d   Thumb Code    32  angle_as5600.o(i.L_AS5600_SetOutputStage)
    L_AS5600_SetPMMode                       0x08001cad   Thumb Code    32  angle_as5600.o(i.L_AS5600_SetPMMode)
    L_AS5600_WriteOneByte                    0x08001ccd   Thumb Code    52  angle_as5600.o(i.L_AS5600_WriteOneByte)
    L_IIC_Ack                                0x08001d01   Thumb Code    80  i2c.o(i.L_IIC_Ack)
    L_IIC_NAck                               0x08001d55   Thumb Code    80  i2c.o(i.L_IIC_NAck)
    L_IIC_Read_Byte                          0x08001da9   Thumb Code   114  i2c.o(i.L_IIC_Read_Byte)
    L_IIC_Send_Byte                          0x08001e21   Thumb Code   126  i2c.o(i.L_IIC_Send_Byte)
    L_IIC_Start                              0x08001ea5   Thumb Code    84  i2c.o(i.L_IIC_Start)
    L_IIC_Stop                               0x08001efd   Thumb Code    84  i2c.o(i.L_IIC_Stop)
    L_IIC_Wait_Ack                           0x08001f55   Thumb Code   110  i2c.o(i.L_IIC_Wait_Ack)
    MOTOR_Init                               0x08001fc9   Thumb Code    38  motor_driver.o(i.MOTOR_Init)
    MemManage_Handler                        0x08001fef   Thumb Code     4  stm32f10x_it.o(i.MemManage_Handler)
    NMI_Handler                              0x08001ff3   Thumb Code     2  stm32f10x_it.o(i.NMI_Handler)
    NVIC_Init                                0x08001ff5   Thumb Code   100  misc.o(i.NVIC_Init)
    Open_Close_Switch_Init                   0x08002065   Thumb Code    16  gpio.o(i.Open_Close_Switch_Init)
    PendSV_Handler                           0x08002079   Thumb Code     2  stm32f10x_it.o(i.PendSV_Handler)
    Put_TxBuf                                0x0800207b   Thumb Code    46  usart1.o(i.Put_TxBuf)
    RCC_APB1PeriphClockCmd                   0x080020a9   Thumb Code    26  stm32f10x_rcc.o(i.RCC_APB1PeriphClockCmd)
    RCC_APB1PeriphResetCmd                   0x080020c9   Thumb Code    26  stm32f10x_rcc.o(i.RCC_APB1PeriphResetCmd)
    RCC_APB2PeriphClockCmd                   0x080020e9   Thumb Code    26  stm32f10x_rcc.o(i.RCC_APB2PeriphClockCmd)
    RCC_APB2PeriphResetCmd                   0x08002109   Thumb Code    26  stm32f10x_rcc.o(i.RCC_APB2PeriphResetCmd)
    RCC_Configuration                        0x08002129   Thumb Code   154  main.o(i.RCC_Configuration)
    RCC_DeInit                               0x080021cd   Thumb Code    64  stm32f10x_rcc.o(i.RCC_DeInit)
    RCC_GetClocksFreq                        0x08002219   Thumb Code   192  stm32f10x_rcc.o(i.RCC_GetClocksFreq)
    RCC_GetFlagStatus                        0x080022ed   Thumb Code    56  stm32f10x_rcc.o(i.RCC_GetFlagStatus)
    RCC_HSICmd                               0x08002329   Thumb Code     6  stm32f10x_rcc.o(i.RCC_HSICmd)
    RCC_PLLCmd                               0x08002335   Thumb Code     6  stm32f10x_rcc.o(i.RCC_PLLCmd)
    R_AS5600_EnableWd                        0x08002341   Thumb Code    28  angle_as5600.o(i.R_AS5600_EnableWd)
    R_AS5600_GetAGC                          0x0800235d   Thumb Code    10  angle_as5600.o(i.R_AS5600_GetAGC)
    R_AS5600_GetAngle                        0x08002369   Thumb Code    58  angle_as5600.o(i.R_AS5600_GetAngle)
    R_AS5600_ReadConf                        0x080023a9   Thumb Code    32  angle_as5600.o(i.R_AS5600_ReadConf)
    R_AS5600_ReadMagitue                     0x080023c9   Thumb Code    32  angle_as5600.o(i.R_AS5600_ReadMagitue)
    R_AS5600_ReadOneByte                     0x080023e9   Thumb Code    60  angle_as5600.o(i.R_AS5600_ReadOneByte)
    R_AS5600_SetOutputStage                  0x08002425   Thumb Code    32  angle_as5600.o(i.R_AS5600_SetOutputStage)
    R_AS5600_SetPMMode                       0x08002445   Thumb Code    32  angle_as5600.o(i.R_AS5600_SetPMMode)
    R_AS5600_WriteOneByte                    0x08002465   Thumb Code    52  angle_as5600.o(i.R_AS5600_WriteOneByte)
    R_IIC_Ack                                0x08002499   Thumb Code    70  i2c.o(i.R_IIC_Ack)
    R_IIC_NAck                               0x080024e5   Thumb Code    70  i2c.o(i.R_IIC_NAck)
    R_IIC_Read_Byte                          0x08002531   Thumb Code   102  i2c.o(i.R_IIC_Read_Byte)
    R_IIC_Send_Byte                          0x0800259d   Thumb Code   108  i2c.o(i.R_IIC_Send_Byte)
    R_IIC_Start                              0x0800260d   Thumb Code    70  i2c.o(i.R_IIC_Start)
    R_IIC_Stop                               0x08002659   Thumb Code    70  i2c.o(i.R_IIC_Stop)
    R_IIC_Wait_Ack                           0x080026a5   Thumb Code    96  i2c.o(i.R_IIC_Wait_Ack)
    Read_RxBuf                               0x08002709   Thumb Code    64  usart1.o(i.Read_RxBuf)
    Receive_L_Handle                         0x08002875   Thumb Code   884  usart1.o(i.Receive_L_Handle)
    Receive_M_Handle                         0x08002bf5   Thumb Code    34  usart1.o(i.Receive_M_Handle)
    Receive_N_Handle1                        0x08002d89   Thumb Code    90  usart1.o(i.Receive_N_Handle1)
    Receive_N_Handle2                        0x08002de9   Thumb Code    90  usart1.o(i.Receive_N_Handle2)
    Receive_R_Handle                         0x08002e49   Thumb Code   884  usart1.o(i.Receive_R_Handle)
    Receive_YD_Handle1                       0x08003371   Thumb Code    98  usart1.o(i.Receive_YD_Handle1)
    Receive_YD_Handle2                       0x080033d9   Thumb Code    98  usart1.o(i.Receive_YD_Handle2)
    STMFLASH_Read                            0x08003441   Thumb Code    34  flash.o(i.STMFLASH_Read)
    STMFLASH_ReadHalfWord                    0x08003463   Thumb Code     6  flash.o(i.STMFLASH_ReadHalfWord)
    STMFLASH_Write                           0x08003469   Thumb Code    92  flash.o(i.STMFLASH_Write)
    STMFLASH_Write_NoCheck                   0x080034c9   Thumb Code    38  flash.o(i.STMFLASH_Write_NoCheck)
    SVC_Handler                              0x080034ef   Thumb Code     2  stm32f10x_it.o(i.SVC_Handler)
    SendData_Filling                         0x080034f1   Thumb Code  1956  usart1.o(i.SendData_Filling)
    SysTick_CLKSourceConfig                  0x08003da1   Thumb Code    40  misc.o(i.SysTick_CLKSourceConfig)
    SysTick_Handler                          0x08003dc9   Thumb Code     2  stm32f10x_it.o(i.SysTick_Handler)
    SystemInit                               0x08003dcd   Thumb Code    78  system_stm32f10x.o(i.SystemInit)
    THROTTLE_Calc                            0x08003e2d   Thumb Code  1796  angle_as5600.o(i.THROTTLE_Calc)
    THROTTLE_Init                            0x08004531   Thumb Code    94  angle_as5600.o(i.THROTTLE_Init)
    TIM1_Init                                0x08004591   Thumb Code   230  tim.o(i.TIM1_Init)
    TIM1_UP_IRQHandler                       0x08004681   Thumb Code   168  tim.o(i.TIM1_UP_IRQHandler)
    TIM_ARRPreloadConfig                     0x08004755   Thumb Code    24  stm32f10x_tim.o(i.TIM_ARRPreloadConfig)
    TIM_ClearFlag                            0x0800476d   Thumb Code     6  stm32f10x_tim.o(i.TIM_ClearFlag)
    TIM_ClearITPendingBit                    0x08004773   Thumb Code     6  stm32f10x_tim.o(i.TIM_ClearITPendingBit)
    TIM_Cmd                                  0x08004779   Thumb Code    24  stm32f10x_tim.o(i.TIM_Cmd)
    TIM_CtrlPWMOutputs                       0x08004791   Thumb Code    30  stm32f10x_tim.o(i.TIM_CtrlPWMOutputs)
    TIM_DeInit                               0x080047b1   Thumb Code   424  stm32f10x_tim.o(i.TIM_DeInit)
    TIM_GetITStatus                          0x08004999   Thumb Code    34  stm32f10x_tim.o(i.TIM_GetITStatus)
    TIM_ITConfig                             0x080049bb   Thumb Code    18  stm32f10x_tim.o(i.TIM_ITConfig)
    TIM_OC1Init                              0x080049cd   Thumb Code   132  stm32f10x_tim.o(i.TIM_OC1Init)
    TIM_OC1PreloadConfig                     0x08004a65   Thumb Code    18  stm32f10x_tim.o(i.TIM_OC1PreloadConfig)
    TIM_OCStructInit                         0x08004a77   Thumb Code    20  stm32f10x_tim.o(i.TIM_OCStructInit)
    TIM_TimeBaseInit                         0x08004a8d   Thumb Code   122  stm32f10x_tim.o(i.TIM_TimeBaseInit)
    TIM_TimeBaseStructInit                   0x08004b31   Thumb Code    18  stm32f10x_tim.o(i.TIM_TimeBaseStructInit)
    Throttle_Value_Conversion                0x08004b43   Thumb Code  2828  angle_as5600.o(i.Throttle_Value_Conversion)
    UART1_SendArray                          0x08005651   Thumb Code    40  usart1.o(i.UART1_SendArray)
    UART1_SendByte                           0x0800567d   Thumb Code    28  usart1.o(i.UART1_SendByte)
    UART2_SendArray                          0x0800569d   Thumb Code    40  usart1.o(i.UART2_SendArray)
    UART2_SendByte                           0x080056c9   Thumb Code    28  usart1.o(i.UART2_SendByte)
    UART3_SendArray                          0x080056e9   Thumb Code    40  usart1.o(i.UART3_SendArray)
    UART3_SendByte                           0x08005715   Thumb Code    28  usart1.o(i.UART3_SendByte)
    USART1_2_3_Init                          0x08005735   Thumb Code    24  usart1.o(i.USART1_2_3_Init)
    USART1_Config                            0x0800574d   Thumb Code   176  usart1.o(i.USART1_Config)
    USART1_IRQHandler                        0x08005809   Thumb Code   260  usart1.o(i.USART1_IRQHandler)
    USART2_Config                            0x08005915   Thumb Code   174  usart1.o(i.USART2_Config)
    USART2_IRQHandler                        0x080059d1   Thumb Code   260  usart1.o(i.USART2_IRQHandler)
    USART3_Config                            0x08005add   Thumb Code   182  usart1.o(i.USART3_Config)
    USART3_IRQHandler                        0x08005b9d   Thumb Code    78  usart1.o(i.USART3_IRQHandler)
    USART_ClearITPendingBit                  0x08005bf5   Thumb Code    30  stm32f10x_usart.o(i.USART_ClearITPendingBit)
    USART_Cmd                                0x08005c13   Thumb Code    24  stm32f10x_usart.o(i.USART_Cmd)
    USART_GetFlagStatus                      0x08005c2b   Thumb Code    26  stm32f10x_usart.o(i.USART_GetFlagStatus)
    USART_GetITStatus                        0x08005c45   Thumb Code    84  stm32f10x_usart.o(i.USART_GetITStatus)
    USART_ITConfig                           0x08005c99   Thumb Code    74  stm32f10x_usart.o(i.USART_ITConfig)
    USART_Init                               0x08005ce5   Thumb Code   210  stm32f10x_usart.o(i.USART_Init)
    USART_SendData                           0x08005dbd   Thumb Code     8  stm32f10x_usart.o(i.USART_SendData)
    USB_LP_CAN1_RX0_IRQHandler               0x08005dc5   Thumb Code   148  can.o(i.USB_LP_CAN1_RX0_IRQHandler)
    UsageFault_Handler                       0x08005e5d   Thumb Code     4  stm32f10x_it.o(i.UsageFault_Handler)
    Write_RxBuf                              0x08005e61   Thumb Code    62  usart1.o(i.Write_RxBuf)
    YD_BatteryData_Filling                   0x08005ea1   Thumb Code   476  usart1.o(i.YD_BatteryData_Filling)
    _sys_exit                                0x08006085   Thumb Code     6  usart.o(i._sys_exit)
    delay_init                               0x0800608d   Thumb Code    50  delay.o(i.delay_init)
    delay_ms                                 0x080060d1   Thumb Code    72  delay.o(i.delay_ms)
    delay_us                                 0x0800611d   Thumb Code    72  delay.o(i.delay_us)
    main                                     0x08006169   Thumb Code  1904  main.o(i.main)
    __aeabi_fdiv                             0x08006945   Thumb Code     0  fdiv.o(x$fpl$fdiv)
    _fdiv                                    0x08006945   Thumb Code   384  fdiv.o(x$fpl$fdiv)
    __aeabi_f2iz                             0x08006ac9   Thumb Code     0  ffix.o(x$fpl$ffix)
    _ffix                                    0x08006ac9   Thumb Code    54  ffix.o(x$fpl$ffix)
    __aeabi_f2uiz                            0x08006b01   Thumb Code     0  ffixu.o(x$fpl$ffixu)
    _ffixu                                   0x08006b01   Thumb Code    62  ffixu.o(x$fpl$ffixu)
    __aeabi_i2f                              0x08006b41   Thumb Code     0  fflt_clz.o(x$fpl$fflt)
    _fflt                                    0x08006b41   Thumb Code    48  fflt_clz.o(x$fpl$fflt)
    __aeabi_ui2f                             0x08006b71   Thumb Code     0  fflt_clz.o(x$fpl$ffltu)
    _ffltu                                   0x08006b71   Thumb Code    38  fflt_clz.o(x$fpl$ffltu)
    __aeabi_fmul                             0x08006b99   Thumb Code     0  fmul.o(x$fpl$fmul)
    _fmul                                    0x08006b99   Thumb Code   258  fmul.o(x$fpl$fmul)
    __fpl_fnaninf                            0x08006c9b   Thumb Code   140  fnaninf.o(x$fpl$fnaninf)
    __fpl_fretinf                            0x08006d27   Thumb Code    10  fretinf.o(x$fpl$fretinf)
    CRC16_Tab                                0x08006d30   Data         512  usart1.o(.constdata)
    __I$use$fp                               0x08006d30   Number         0  usenofp.o(x$fpl$usenofp)
    Region$$Table$$Base                      0x08006f30   Number         0  anon$$obj.o(Region$$Table)
    Region$$Table$$Limit                     0x08006f50   Number         0  anon$$obj.o(Region$$Table)
    RawAngle                                 0x20000000   Data           2  main.o(.data)
    R_Angle                                  0x20000002   Data           2  main.o(.data)
    R_gAngle                                 0x20000004   Data           2  main.o(.data)
    res                                      0x20000006   Data           2  main.o(.data)
    gAGC                                     0x20000008   Data           1  main.o(.data)
    Config                                   0x2000000a   Data           2  main.o(.data)
    L_Angle                                  0x2000000c   Data           2  main.o(.data)
    L_gAngle                                 0x2000000e   Data           2  main.o(.data)
    R_Magitue                                0x20000010   Data           2  main.o(.data)
    L_Magitue                                0x20000012   Data           2  main.o(.data)
    temp                                     0x20000014   Data           1  main.o(.data)
    temp_flag                                0x20000015   Data           1  main.o(.data)
    CC                                       0x20000016   Data           2  main.o(.data)
    Open_Close_Switch_Handle                 0x20000018   Data           8  gpio.o(.data)
    VOLT_5V                                  0x20000020   Data           2  tim.o(.data)
    VOLT_L                                   0x20000022   Data           2  tim.o(.data)
    VOLT_R                                   0x20000024   Data           2  tim.o(.data)
    counter_1ms                              0x20000026   Data           2  tim.o(.data)
    counter_10ms                             0x20000028   Data           1  tim.o(.data)
    counter_100ms                            0x20000029   Data           1  tim.o(.data)
    counter_1ms_flag                         0x2000002a   Data           1  tim.o(.data)
    counter_10ms_flag                        0x2000002b   Data           1  tim.o(.data)
    counter_100ms_flag                       0x2000002c   Data           1  tim.o(.data)
    LCD_flag                                 0x2000002d   Data           1  usart1.o(.data)
    SYNC_ContorlMode                         0x2000002e   Data           6  key_control_mode.o(.data)
    DOCK_ContorlMode                         0x20000034   Data           6  key_control_mode.o(.data)
    SystemCoreClock                          0x2000003c   Data           4  system_stm32f10x.o(.data)
    AHBPrescTable                            0x20000040   Data          16  system_stm32f10x.o(.data)
    KEY_Handle                               0x20000068   Data          26  main.o(.bss)
    Buzzer_Handle                            0x20000082   Data           9  buzzer.o(.bss)
    LED_Handle                               0x2000008b   Data          23  gpio.o(.bss)
    RS485_Handle                             0x200000a2   Data          78  usart1.o(.bss)
    LS485_Handle                             0x200000f0   Data          78  usart1.o(.bss)
    MS485_Handle                             0x2000013e   Data          78  usart1.o(.bss)
    STMFLASH_BUF                             0x2000018c   Data        1024  flash.o(.bss)
    FLASH_Handle                             0x2000058c   Data          58  flash.o(.bss)
    THROTTLE_Handle                          0x200005c8   Data          84  angle_as5600.o(.bss)
    MOTOR_Handle                             0x2000061c   Data          34  motor_driver.o(.bss)
    MOTOR_Handle1                            0x2000063e   Data          34  motor_driver.o(.bss)
    GPS_Handle                               0x20000660   Data          48  adapter.o(.bss)
    GPS_Handle1                              0x20000690   Data          48  adapter.o(.bss)
    BATTERY_Handle                           0x200006c0   Data          50  battery.o(.bss)
    __libspace_start                         0x200006f4   Data          96  libspace.o(.bss)
    __temporary_stack_top$libspace           0x20000754   Data           0  libspace.o(.bss)



==============================================================================

Memory Map of the image

  Image Entry point : 0x080000ed

  Load Region LR_IROM1 (Base: 0x08000000, Size: 0x00006fb8, Max: 0x00010000, ABSOLUTE)

    Execution Region ER_IROM1 (Base: 0x08000000, Size: 0x00006f50, Max: 0x00010000, ABSOLUTE)

    Base Addr    Size         Type   Attr      Idx    E Section Name        Object

    0x08000000   0x000000ec   Data   RO         1244    RESET               startup_stm32f10x_md.o
    0x080000ec   0x00000008   Code   RO         4394  * !!!main             c_w.l(__main.o)
    0x080000f4   0x00000034   Code   RO         4573    !!!scatter          c_w.l(__scatter.o)
    0x08000128   0x0000001a   Code   RO         4575    !!handler_copy      c_w.l(__scatter_copy.o)
    0x08000142   0x00000002   PAD
    0x08000144   0x0000001c   Code   RO         4577    !!handler_zi        c_w.l(__scatter_zi.o)
    0x08000160   0x00000002   Code   RO         4448    .ARM.Collect$$libinit$$00000000  c_w.l(libinit.o)
    0x08000162   0x00000000   Code   RO         4455    .ARM.Collect$$libinit$$00000002  c_w.l(libinit2.o)
    0x08000162   0x00000000   Code   RO         4457    .ARM.Collect$$libinit$$00000004  c_w.l(libinit2.o)
    0x08000162   0x00000000   Code   RO         4460    .ARM.Collect$$libinit$$0000000A  c_w.l(libinit2.o)
    0x08000162   0x00000000   Code   RO         4462    .ARM.Collect$$libinit$$0000000C  c_w.l(libinit2.o)
    0x08000162   0x00000000   Code   RO         4464    .ARM.Collect$$libinit$$0000000E  c_w.l(libinit2.o)
    0x08000162   0x00000000   Code   RO         4467    .ARM.Collect$$libinit$$00000011  c_w.l(libinit2.o)
    0x08000162   0x00000000   Code   RO         4469    .ARM.Collect$$libinit$$00000013  c_w.l(libinit2.o)
    0x08000162   0x00000000   Code   RO         4471    .ARM.Collect$$libinit$$00000015  c_w.l(libinit2.o)
    0x08000162   0x00000000   Code   RO         4473    .ARM.Collect$$libinit$$00000017  c_w.l(libinit2.o)
    0x08000162   0x00000000   Code   RO         4475    .ARM.Collect$$libinit$$00000019  c_w.l(libinit2.o)
    0x08000162   0x00000000   Code   RO         4477    .ARM.Collect$$libinit$$0000001B  c_w.l(libinit2.o)
    0x08000162   0x00000000   Code   RO         4479    .ARM.Collect$$libinit$$0000001D  c_w.l(libinit2.o)
    0x08000162   0x00000000   Code   RO         4481    .ARM.Collect$$libinit$$0000001F  c_w.l(libinit2.o)
    0x08000162   0x00000000   Code   RO         4483    .ARM.Collect$$libinit$$00000021  c_w.l(libinit2.o)
    0x08000162   0x00000000   Code   RO         4485    .ARM.Collect$$libinit$$00000023  c_w.l(libinit2.o)
    0x08000162   0x00000000   Code   RO         4487    .ARM.Collect$$libinit$$00000025  c_w.l(libinit2.o)
    0x08000162   0x00000000   Code   RO         4491    .ARM.Collect$$libinit$$0000002C  c_w.l(libinit2.o)
    0x08000162   0x00000000   Code   RO         4493    .ARM.Collect$$libinit$$0000002E  c_w.l(libinit2.o)
    0x08000162   0x00000000   Code   RO         4495    .ARM.Collect$$libinit$$00000030  c_w.l(libinit2.o)
    0x08000162   0x00000000   Code   RO         4497    .ARM.Collect$$libinit$$00000032  c_w.l(libinit2.o)
    0x08000162   0x00000002   Code   RO         4498    .ARM.Collect$$libinit$$00000033  c_w.l(libinit2.o)
    0x08000164   0x00000002   Code   RO         4516    .ARM.Collect$$libshutdown$$00000000  c_w.l(libshutdown.o)
    0x08000166   0x00000000   Code   RO         4527    .ARM.Collect$$libshutdown$$00000003  c_w.l(libshutdown2.o)
    0x08000166   0x00000000   Code   RO         4530    .ARM.Collect$$libshutdown$$00000006  c_w.l(libshutdown2.o)
    0x08000166   0x00000000   Code   RO         4533    .ARM.Collect$$libshutdown$$00000009  c_w.l(libshutdown2.o)
    0x08000166   0x00000000   Code   RO         4535    .ARM.Collect$$libshutdown$$0000000B  c_w.l(libshutdown2.o)
    0x08000166   0x00000000   Code   RO         4538    .ARM.Collect$$libshutdown$$0000000E  c_w.l(libshutdown2.o)
    0x08000166   0x00000002   Code   RO         4539    .ARM.Collect$$libshutdown$$0000000F  c_w.l(libshutdown2.o)
    0x08000168   0x00000000   Code   RO         4418    .ARM.Collect$$rtentry$$00000000  c_w.l(__rtentry.o)
    0x08000168   0x00000000   Code   RO         4425    .ARM.Collect$$rtentry$$00000002  c_w.l(__rtentry2.o)
    0x08000168   0x00000006   Code   RO         4437    .ARM.Collect$$rtentry$$00000004  c_w.l(__rtentry4.o)
    0x0800016e   0x00000000   Code   RO         4427    .ARM.Collect$$rtentry$$00000009  c_w.l(__rtentry2.o)
    0x0800016e   0x00000004   Code   RO         4428    .ARM.Collect$$rtentry$$0000000A  c_w.l(__rtentry2.o)
    0x08000172   0x00000000   Code   RO         4430    .ARM.Collect$$rtentry$$0000000C  c_w.l(__rtentry2.o)
    0x08000172   0x00000008   Code   RO         4431    .ARM.Collect$$rtentry$$0000000D  c_w.l(__rtentry2.o)
    0x0800017a   0x00000002   Code   RO         4452    .ARM.Collect$$rtexit$$00000000  c_w.l(rtexit.o)
    0x0800017c   0x00000000   Code   RO         4500    .ARM.Collect$$rtexit$$00000002  c_w.l(rtexit2.o)
    0x0800017c   0x00000004   Code   RO         4501    .ARM.Collect$$rtexit$$00000003  c_w.l(rtexit2.o)
    0x08000180   0x00000006   Code   RO         4502    .ARM.Collect$$rtexit$$00000004  c_w.l(rtexit2.o)
    0x08000186   0x00000002   PAD
    0x08000188   0x00000040   Code   RO         1245    .text               startup_stm32f10x_md.o
    0x080001c8   0x00000002   Code   RO         4390    .text               c_w.l(use_no_semi_2.o)
    0x080001ca   0x00000006   Code   RO         4392    .text               c_w.l(heapauxi.o)
    0x080001d0   0x00000002   Code   RO         4416    .text               c_w.l(use_no_semi.o)
    0x080001d2   0x0000004a   Code   RO         4439    .text               c_w.l(sys_stackheap_outer.o)
    0x0800021c   0x0000000c   Code   RO         4441    .text               c_w.l(exit.o)
    0x08000228   0x00000008   Code   RO         4449    .text               c_w.l(libspace.o)
    0x08000230   0x00000270   Code   RO          274    i.All_Function_Handle  gpio.o
    0x080004a0   0x00000038   Code   RO         1194    i.BATTERY_Init      battery.o
    0x080004d8   0x00000010   Code   RO          227    i.BUZZER_Off        buzzer.o
    0x080004e8   0x00000018   Code   RO          228    i.BUZZER_On         buzzer.o
    0x08000500   0x000000dc   Code   RO          229    i.BUZZER_Work       buzzer.o
    0x080005dc   0x00000004   Code   RO          152    i.BusFault_Handler  stm32f10x_it.o
    0x080005e0   0x000000c8   Code   RO         1212    i.CAN1_Configuration  can.o
    0x080006a8   0x00000108   Code   RO         2123    i.CAN_FilterInit    stm32f10x_can.o
    0x080007b0   0x00000114   Code   RO         2130    i.CAN_Init          stm32f10x_can.o
    0x080008c4   0x000000f0   Code   RO         2133    i.CAN_Receive       stm32f10x_can.o
    0x080009b4   0x00000074   Code   RO         1214    i.CAN_Send_Msg      can.o
    0x08000a28   0x00000126   Code   RO         2138    i.CAN_Transmit      stm32f10x_can.o
    0x08000b4e   0x00000002   PAD
    0x08000b50   0x000000a0   Code   RO         2139    i.CAN_TransmitStatus  stm32f10x_can.o
    0x08000bf0   0x00000030   Code   RO          564    i.CalCRC16          usart1.o
    0x08000c20   0x00000002   Code   RO          153    i.DebugMon_Handler  stm32f10x_it.o
    0x08000c22   0x00000002   PAD
    0x08000c24   0x0000004c   Code   RO         2652    i.FLASH_ErasePage   stm32f10x_flash.o
    0x08000c70   0x00000034   Code   RO         2653    i.FLASH_GetBank1Status  stm32f10x_flash.o
    0x08000ca4   0x00000014   Code   RO         2662    i.FLASH_Lock        stm32f10x_flash.o
    0x08000cb8   0x00000040   Code   RO         2665    i.FLASH_ProgramHalfWord  stm32f10x_flash.o
    0x08000cf8   0x00000018   Code   RO         2670    i.FLASH_Unlock      stm32f10x_flash.o
    0x08000d10   0x00000026   Code   RO         2674    i.FLASH_WaitForLastOperation  stm32f10x_flash.o
    0x08000d36   0x00000002   PAD
    0x08000d38   0x000000bc   Code   RO          858    i.Flash_Read_Angle  flash.o
    0x08000df4   0x00000040   Code   RO          859    i.Flash_Read_SYNC   flash.o
    0x08000e34   0x000000bc   Code   RO          860    i.Flash_Save_Angle  flash.o
    0x08000ef0   0x00000058   Code   RO          861    i.Flash_Save_SYNC   flash.o
    0x08000f48   0x00000116   Code   RO         1290    i.GPIO_Init         stm32f10x_gpio.o
    0x0800105e   0x00000002   PAD
    0x08001060   0x00000090   Code   RO         1292    i.GPIO_PinRemapConfig  stm32f10x_gpio.o
    0x080010f0   0x00000012   Code   RO         1294    i.GPIO_ReadInputDataBit  stm32f10x_gpio.o
    0x08001102   0x00000004   Code   RO         1297    i.GPIO_ResetBits    stm32f10x_gpio.o
    0x08001106   0x00000004   Code   RO         1298    i.GPIO_SetBits      stm32f10x_gpio.o
    0x0800110a   0x0000002e   Code   RO         1176    i.GPS_Init          adapter.o
    0x08001138   0x00000004   Code   RO          154    i.HardFault_Handler  stm32f10x_it.o
    0x0800113c   0x00000068   Code   RO          444    i.IIC_Init          i2c.o
    0x080011a4   0x00000010   Code   RO         3148    i.IWDG_Enable       stm32f10x_iwdg.o
    0x080011b4   0x00000024   Code   RO          924    i.IWDG_Init         iwdg.o
    0x080011d8   0x00000010   Code   RO         3150    i.IWDG_ReloadCounter  stm32f10x_iwdg.o
    0x080011e8   0x0000000c   Code   RO         3151    i.IWDG_SetPrescaler  stm32f10x_iwdg.o
    0x080011f4   0x0000000c   Code   RO         3152    i.IWDG_SetReload    stm32f10x_iwdg.o
    0x08001200   0x0000000c   Code   RO         3153    i.IWDG_WriteAccessCmd  stm32f10x_iwdg.o
    0x0800120c   0x00000068   Code   RO          276    i.KEY_Get_Touch_Type  gpio.o
    0x08001274   0x0000012c   Code   RO          277    i.KEY_Main_Handle   gpio.o
    0x080013a0   0x00000024   Code   RO          278    i.Key_GPIO_Init     gpio.o
    0x080013c4   0x00000034   Code   RO          281    i.LED_All_OFF       gpio.o
    0x080013f8   0x00000034   Code   RO          282    i.LED_All_ON        gpio.o
    0x0800142c   0x00000088   Code   RO          283    i.LED_GPIO_Init     gpio.o
    0x080014b4   0x00000014   Code   RO          284    i.LED_One_G_OFF     gpio.o
    0x080014c8   0x00000014   Code   RO          285    i.LED_One_G_ON      gpio.o
    0x080014dc   0x0000002c   Code   RO          286    i.LED_Three_G_OFF   gpio.o
    0x08001508   0x0000002c   Code   RO          287    i.LED_Three_G_ON    gpio.o
    0x08001534   0x00000620   Code   RO          290    i.LED_Work          gpio.o
    0x08001b54   0x0000002c   Code   RO          291    i.LED_eerhT_G_OFF   gpio.o
    0x08001b80   0x0000002c   Code   RO          292    i.LED_eerhT_G_ON    gpio.o
    0x08001bac   0x00000014   Code   RO          293    i.LED_enO_G_OFF     gpio.o
    0x08001bc0   0x00000014   Code   RO          294    i.LED_enO_G_ON      gpio.o
    0x08001bd4   0x0000001c   Code   RO          937    i.L_AS5600_EnableWd  angle_as5600.o
    0x08001bf0   0x00000040   Code   RO          939    i.L_AS5600_GetAngle  angle_as5600.o
    0x08001c30   0x00000020   Code   RO          944    i.L_AS5600_ReadMagitue  angle_as5600.o
    0x08001c50   0x0000003c   Code   RO          945    i.L_AS5600_ReadOneByte  angle_as5600.o
    0x08001c8c   0x00000020   Code   RO          947    i.L_AS5600_SetOutputStage  angle_as5600.o
    0x08001cac   0x00000020   Code   RO          948    i.L_AS5600_SetPMMode  angle_as5600.o
    0x08001ccc   0x00000034   Code   RO          950    i.L_AS5600_WriteOneByte  angle_as5600.o
    0x08001d00   0x00000054   Code   RO          445    i.L_IIC_Ack         i2c.o
    0x08001d54   0x00000054   Code   RO          446    i.L_IIC_NAck        i2c.o
    0x08001da8   0x00000078   Code   RO          447    i.L_IIC_Read_Byte   i2c.o
    0x08001e20   0x00000084   Code   RO          448    i.L_IIC_Send_Byte   i2c.o
    0x08001ea4   0x00000058   Code   RO          449    i.L_IIC_Start       i2c.o
    0x08001efc   0x00000058   Code   RO          450    i.L_IIC_Stop        i2c.o
    0x08001f54   0x00000074   Code   RO          451    i.L_IIC_Wait_Ack    i2c.o
    0x08001fc8   0x00000026   Code   RO         1158    i.MOTOR_Init        motor_driver.o
    0x08001fee   0x00000004   Code   RO          155    i.MemManage_Handler  stm32f10x_it.o
    0x08001ff2   0x00000002   Code   RO          156    i.NMI_Handler       stm32f10x_it.o
    0x08001ff4   0x00000070   Code   RO         1778    i.NVIC_Init         misc.o
    0x08002064   0x00000014   Code   RO          297    i.Open_Close_Switch_Init  gpio.o
    0x08002078   0x00000002   Code   RO          157    i.PendSV_Handler    stm32f10x_it.o
    0x0800207a   0x0000002e   Code   RO          566    i.Put_TxBuf         usart1.o
    0x080020a8   0x00000020   Code   RO         1400    i.RCC_APB1PeriphClockCmd  stm32f10x_rcc.o
    0x080020c8   0x00000020   Code   RO         1401    i.RCC_APB1PeriphResetCmd  stm32f10x_rcc.o
    0x080020e8   0x00000020   Code   RO         1402    i.RCC_APB2PeriphClockCmd  stm32f10x_rcc.o
    0x08002108   0x00000020   Code   RO         1403    i.RCC_APB2PeriphResetCmd  stm32f10x_rcc.o
    0x08002128   0x000000a4   Code   RO            3    i.RCC_Configuration  main.o
    0x080021cc   0x0000004c   Code   RO         1409    i.RCC_DeInit        stm32f10x_rcc.o
    0x08002218   0x000000d4   Code   RO         1410    i.RCC_GetClocksFreq  stm32f10x_rcc.o
    0x080022ec   0x0000003c   Code   RO         1411    i.RCC_GetFlagStatus  stm32f10x_rcc.o
    0x08002328   0x0000000c   Code   RO         1416    i.RCC_HSICmd        stm32f10x_rcc.o
    0x08002334   0x0000000c   Code   RO         1423    i.RCC_PLLCmd        stm32f10x_rcc.o
    0x08002340   0x0000001c   Code   RO          952    i.R_AS5600_EnableWd  angle_as5600.o
    0x0800235c   0x0000000a   Code   RO          953    i.R_AS5600_GetAGC   angle_as5600.o
    0x08002366   0x00000002   PAD
    0x08002368   0x00000040   Code   RO          954    i.R_AS5600_GetAngle  angle_as5600.o
    0x080023a8   0x00000020   Code   RO          958    i.R_AS5600_ReadConf  angle_as5600.o
    0x080023c8   0x00000020   Code   RO          959    i.R_AS5600_ReadMagitue  angle_as5600.o
    0x080023e8   0x0000003c   Code   RO          960    i.R_AS5600_ReadOneByte  angle_as5600.o
    0x08002424   0x00000020   Code   RO          962    i.R_AS5600_SetOutputStage  angle_as5600.o
    0x08002444   0x00000020   Code   RO          963    i.R_AS5600_SetPMMode  angle_as5600.o
    0x08002464   0x00000034   Code   RO          965    i.R_AS5600_WriteOneByte  angle_as5600.o
    0x08002498   0x0000004c   Code   RO          452    i.R_IIC_Ack         i2c.o
    0x080024e4   0x0000004c   Code   RO          453    i.R_IIC_NAck        i2c.o
    0x08002530   0x0000006c   Code   RO          454    i.R_IIC_Read_Byte   i2c.o
    0x0800259c   0x00000070   Code   RO          455    i.R_IIC_Send_Byte   i2c.o
    0x0800260c   0x0000004c   Code   RO          456    i.R_IIC_Start       i2c.o
    0x08002658   0x0000004c   Code   RO          457    i.R_IIC_Stop        i2c.o
    0x080026a4   0x00000064   Code   RO          458    i.R_IIC_Wait_Ack    i2c.o
    0x08002708   0x00000040   Code   RO          567    i.Read_RxBuf        usart1.o
    0x08002748   0x0000012c   Code   RO          569    i.Receive_Check     usart1.o
    0x08002874   0x00000380   Code   RO          570    i.Receive_L_Handle  usart1.o
    0x08002bf4   0x0000002c   Code   RO          571    i.Receive_M_Handle  usart1.o
    0x08002c20   0x00000168   Code   RO          572    i.Receive_N_Battery_Check  usart1.o
    0x08002d88   0x00000060   Code   RO          573    i.Receive_N_Handle1  usart1.o
    0x08002de8   0x00000060   Code   RO          574    i.Receive_N_Handle2  usart1.o
    0x08002e48   0x00000380   Code   RO          575    i.Receive_R_Handle  usart1.o
    0x080031c8   0x000001a6   Code   RO          576    i.Receive_YD_Battery_Check  usart1.o
    0x0800336e   0x00000002   PAD
    0x08003370   0x00000068   Code   RO          577    i.Receive_YD_Handle1  usart1.o
    0x080033d8   0x00000068   Code   RO          578    i.Receive_YD_Handle2  usart1.o
    0x08003440   0x00000022   Code   RO          862    i.STMFLASH_Read     flash.o
    0x08003462   0x00000006   Code   RO          863    i.STMFLASH_ReadHalfWord  flash.o
    0x08003468   0x00000060   Code   RO          864    i.STMFLASH_Write    flash.o
    0x080034c8   0x00000026   Code   RO          865    i.STMFLASH_Write_NoCheck  flash.o
    0x080034ee   0x00000002   Code   RO          158    i.SVC_Handler       stm32f10x_it.o
    0x080034f0   0x000007c8   Code   RO          580    i.SendData_Filling  usart1.o
    0x08003cb8   0x00000008   Code   RO         1250    i.SetSysClock       system_stm32f10x.o
    0x08003cc0   0x000000e0   Code   RO         1251    i.SetSysClockTo72   system_stm32f10x.o
    0x08003da0   0x00000028   Code   RO         1782    i.SysTick_CLKSourceConfig  misc.o
    0x08003dc8   0x00000002   Code   RO          159    i.SysTick_Handler   stm32f10x_it.o
    0x08003dca   0x00000002   PAD
    0x08003dcc   0x00000060   Code   RO         1253    i.SystemInit        system_stm32f10x.o
    0x08003e2c   0x00000704   Code   RO          966    i.THROTTLE_Calc     angle_as5600.o
    0x08004530   0x0000005e   Code   RO          967    i.THROTTLE_Init     angle_as5600.o
    0x0800458e   0x00000002   PAD
    0x08004590   0x000000f0   Code   RO          540    i.TIM1_Init         tim.o
    0x08004680   0x000000d4   Code   RO          541    i.TIM1_UP_IRQHandler  tim.o
    0x08004754   0x00000018   Code   RO         3683    i.TIM_ARRPreloadConfig  stm32f10x_tim.o
    0x0800476c   0x00000006   Code   RO         3689    i.TIM_ClearFlag     stm32f10x_tim.o
    0x08004772   0x00000006   Code   RO         3690    i.TIM_ClearITPendingBit  stm32f10x_tim.o
    0x08004778   0x00000018   Code   RO         3695    i.TIM_Cmd           stm32f10x_tim.o
    0x08004790   0x0000001e   Code   RO         3697    i.TIM_CtrlPWMOutputs  stm32f10x_tim.o
    0x080047ae   0x00000002   PAD
    0x080047b0   0x000001e8   Code   RO         3700    i.TIM_DeInit        stm32f10x_tim.o
    0x08004998   0x00000022   Code   RO         3716    i.TIM_GetITStatus   stm32f10x_tim.o
    0x080049ba   0x00000012   Code   RO         3720    i.TIM_ITConfig      stm32f10x_tim.o
    0x080049cc   0x00000098   Code   RO         3724    i.TIM_OC1Init       stm32f10x_tim.o
    0x08004a64   0x00000012   Code   RO         3727    i.TIM_OC1PreloadConfig  stm32f10x_tim.o
    0x08004a76   0x00000014   Code   RO         3742    i.TIM_OCStructInit  stm32f10x_tim.o
    0x08004a8a   0x00000002   PAD
    0x08004a8c   0x000000a4   Code   RO         3766    i.TIM_TimeBaseInit  stm32f10x_tim.o
    0x08004b30   0x00000012   Code   RO         3767    i.TIM_TimeBaseStructInit  stm32f10x_tim.o
    0x08004b42   0x00000b0c   Code   RO          968    i.Throttle_Value_Conversion  angle_as5600.o
    0x0800564e   0x00000002   PAD
    0x08005650   0x0000002c   Code   RO          587    i.UART1_SendArray   usart1.o
    0x0800567c   0x00000020   Code   RO          588    i.UART1_SendByte    usart1.o
    0x0800569c   0x0000002c   Code   RO          592    i.UART2_SendArray   usart1.o
    0x080056c8   0x00000020   Code   RO          593    i.UART2_SendByte    usart1.o
    0x080056e8   0x0000002c   Code   RO          596    i.UART3_SendArray   usart1.o
    0x08005714   0x00000020   Code   RO          597    i.UART3_SendByte    usart1.o
    0x08005734   0x00000018   Code   RO          599    i.USART1_2_3_Init   usart1.o
    0x0800574c   0x000000bc   Code   RO          600    i.USART1_Config     usart1.o
    0x08005808   0x0000010c   Code   RO          601    i.USART1_IRQHandler  usart1.o
    0x08005914   0x000000bc   Code   RO          602    i.USART2_Config     usart1.o
    0x080059d0   0x0000010c   Code   RO          603    i.USART2_IRQHandler  usart1.o
    0x08005adc   0x000000c0   Code   RO          604    i.USART3_Config     usart1.o
    0x08005b9c   0x00000058   Code   RO          605    i.USART3_IRQHandler  usart1.o
    0x08005bf4   0x0000001e   Code   RO         1599    i.USART_ClearITPendingBit  stm32f10x_usart.o
    0x08005c12   0x00000018   Code   RO         1602    i.USART_Cmd         stm32f10x_usart.o
    0x08005c2a   0x0000001a   Code   RO         1605    i.USART_GetFlagStatus  stm32f10x_usart.o
    0x08005c44   0x00000054   Code   RO         1606    i.USART_GetITStatus  stm32f10x_usart.o
    0x08005c98   0x0000004a   Code   RO         1608    i.USART_ITConfig    stm32f10x_usart.o
    0x08005ce2   0x00000002   PAD
    0x08005ce4   0x000000d8   Code   RO         1609    i.USART_Init        stm32f10x_usart.o
    0x08005dbc   0x00000008   Code   RO         1619    i.USART_SendData    stm32f10x_usart.o
    0x08005dc4   0x00000098   Code   RO         1215    i.USB_LP_CAN1_RX0_IRQHandler  can.o
    0x08005e5c   0x00000004   Code   RO          160    i.UsageFault_Handler  stm32f10x_it.o
    0x08005e60   0x0000003e   Code   RO          606    i.Write_RxBuf       usart1.o
    0x08005e9e   0x00000002   PAD
    0x08005ea0   0x000001e4   Code   RO          607    i.YD_BatteryData_Filling  usart1.o
    0x08006084   0x00000006   Code   RO         4338    i._sys_exit         usart.o
    0x0800608a   0x00000002   PAD
    0x0800608c   0x00000044   Code   RO         4284    i.delay_init        delay.o
    0x080060d0   0x0000004c   Code   RO         4285    i.delay_ms          delay.o
    0x0800611c   0x0000004c   Code   RO         4286    i.delay_us          delay.o
    0x08006168   0x000007dc   Code   RO            4    i.main              main.o
    0x08006944   0x00000184   Code   RO         4397    x$fpl$fdiv          fz_ws.l(fdiv.o)
    0x08006ac8   0x00000036   Code   RO         4400    x$fpl$ffix          fz_ws.l(ffix.o)
    0x08006afe   0x00000002   PAD
    0x08006b00   0x0000003e   Code   RO         4404    x$fpl$ffixu         fz_ws.l(ffixu.o)
    0x08006b3e   0x00000002   PAD
    0x08006b40   0x00000030   Code   RO         4409    x$fpl$fflt          fz_ws.l(fflt_clz.o)
    0x08006b70   0x00000026   Code   RO         4408    x$fpl$ffltu         fz_ws.l(fflt_clz.o)
    0x08006b96   0x00000002   PAD
    0x08006b98   0x00000102   Code   RO         4414    x$fpl$fmul          fz_ws.l(fmul.o)
    0x08006c9a   0x0000008c   Code   RO         4419    x$fpl$fnaninf       fz_ws.l(fnaninf.o)
    0x08006d26   0x0000000a   Code   RO         4421    x$fpl$fretinf       fz_ws.l(fretinf.o)
    0x08006d30   0x00000000   Code   RO         4423    x$fpl$usenofp       fz_ws.l(usenofp.o)
    0x08006d30   0x00000200   Data   RO          609    .constdata          usart1.o
    0x08006f30   0x00000020   Data   RO         4571    Region$$Table       anon$$obj.o


    Execution Region RW_IRAM1 (Base: 0x20000000, Size: 0x00000d58, Max: 0x00005000, ABSOLUTE)

    Base Addr    Size         Type   Attr      Idx    E Section Name        Object

    0x20000000   0x00000018   Data   RW            6    .data               main.o
    0x20000018   0x00000008   Data   RW          299    .data               gpio.o
    0x20000020   0x0000000d   Data   RW          542    .data               tim.o
    0x2000002d   0x00000001   Data   RW          610    .data               usart1.o
    0x2000002e   0x0000000c   Data   RW         1146    .data               key_control_mode.o
    0x2000003a   0x00000002   PAD
    0x2000003c   0x00000014   Data   RW         1254    .data               system_stm32f10x.o
    0x20000050   0x00000014   Data   RW         1430    .data               stm32f10x_rcc.o
    0x20000064   0x00000004   Data   RW         4287    .data               delay.o
    0x20000068   0x0000001a   Zero   RW            5    .bss                main.o
    0x20000082   0x00000009   Zero   RW          231    .bss                buzzer.o
    0x2000008b   0x00000017   Zero   RW          298    .bss                gpio.o
    0x200000a2   0x000000ea   Zero   RW          608    .bss                usart1.o
    0x2000018c   0x0000043a   Zero   RW          867    .bss                flash.o
    0x200005c6   0x00000002   PAD
    0x200005c8   0x00000054   Zero   RW          969    .bss                angle_as5600.o
    0x2000061c   0x00000044   Zero   RW         1159    .bss                motor_driver.o
    0x20000660   0x00000060   Zero   RW         1177    .bss                adapter.o
    0x200006c0   0x00000032   Zero   RW         1195    .bss                battery.o
    0x200006f2   0x00000002   PAD
    0x200006f4   0x00000060   Zero   RW         4450    .bss                c_w.l(libspace.o)
    0x20000754   0x00000004   PAD
    0x20000758   0x00000200   Zero   RW         1243    HEAP                startup_stm32f10x_md.o
    0x20000958   0x00000400   Zero   RW         1242    STACK               startup_stm32f10x_md.o


==============================================================================

Image component sizes


      Code (inc. data)   RO Data    RW Data    ZI Data      Debug   Object Name

        46          0          0          0         96       2100   adapter.o
      5360         12          0          0         84      16690   angle_as5600.o
        56          0          0          0         50       2856   battery.o
       260         16          0          0          9       2635   buzzer.o
       468         22          0          0          0       2613   can.o
       220         26          0          4          0       1823   delay.o
       702         44          0          0       1082       6412   flash.o
      3148        192          0          8         23      13983   gpio.o
      1440         76          0          0          0       8413   i2c.o
        36          0          0          0          0        564   iwdg.o
         0          0          0         12          0       1056   key_control_mode.o
      2176        204          0         24         26     272331   main.o
       152         12          0          0          0       1714   misc.o
        38          0          0          0         68       2358   motor_driver.o
        64         26        236          0       1536        864   startup_stm32f10x_md.o
      1234         28          0          0          0       4806   stm32f10x_can.o
       274         30          0          0          0       3706   stm32f10x_flash.o
       448          6          0          0          0       4786   stm32f10x_gpio.o
        26          0          0          0          0       4142   stm32f10x_it.o
        68         30          0          0          0       2730   stm32f10x_iwdg.o
       500         72          0         20          0       8299   stm32f10x_rcc.o
      1002        126          0          0          0       9096   stm32f10x_tim.o
       462          6          0          0          0       6635   stm32f10x_usart.o
       328         28          0         20          0       2329   system_stm32f10x.o
       452         54          0         13          0       1950   tim.o
         6          0          0          0          0        512   usart.o
      7458        298        512          1        234      24948   usart1.o

    ----------------------------------------------------------------------
     26452       1308        780        104       3212     410351   Object Totals
         0          0         32          0          0          0   (incl. Generated)
        28          0          0          2          4          0   (incl. Padding)

    ----------------------------------------------------------------------

      Code (inc. data)   RO Data    RW Data    ZI Data      Debug   Library Member Name

         8          0          0          0          0         68   __main.o
         0          0          0          0          0          0   __rtentry.o
        12          0          0          0          0          0   __rtentry2.o
         6          0          0          0          0          0   __rtentry4.o
        52          8          0          0          0          0   __scatter.o
        26          0          0          0          0          0   __scatter_copy.o
        28          0          0          0          0          0   __scatter_zi.o
        12          0          0          0          0         72   exit.o
         6          0          0          0          0        152   heapauxi.o
         2          0          0          0          0          0   libinit.o
         2          0          0          0          0          0   libinit2.o
         2          0          0          0          0          0   libshutdown.o
         2          0          0          0          0          0   libshutdown2.o
         8          4          0          0         96         68   libspace.o
         2          0          0          0          0          0   rtexit.o
        10          0          0          0          0          0   rtexit2.o
        74          0          0          0          0         80   sys_stackheap_outer.o
         2          0          0          0          0         68   use_no_semi.o
         2          0          0          0          0         68   use_no_semi_2.o
       388         76          0          0          0         96   fdiv.o
        54          4          0          0          0         84   ffix.o
        62          4          0          0          0         84   ffixu.o
        86          0          0          0          0        136   fflt_clz.o
       258          4          0          0          0         84   fmul.o
       140          4          0          0          0         84   fnaninf.o
        10          0          0          0          0         68   fretinf.o
         0          0          0          0          0          0   usenofp.o

    ----------------------------------------------------------------------
      1264        104          0          0        100       1212   Library Totals
        10          0          0          0          4          0   (incl. Padding)

    ----------------------------------------------------------------------

      Code (inc. data)   RO Data    RW Data    ZI Data      Debug   Library Name

       256         12          0          0         96        576   c_w.l
       998         92          0          0          0        636   fz_ws.l

    ----------------------------------------------------------------------
      1264        104          0          0        100       1212   Library Totals

    ----------------------------------------------------------------------

==============================================================================


      Code (inc. data)   RO Data    RW Data    ZI Data      Debug   

     27716       1412        780        104       3312     402355   Grand Totals
     27716       1412        780        104       3312     402355   ELF Image Totals
     27716       1412        780        104          0          0   ROM Totals

==============================================================================

    Total RO  Size (Code + RO Data)                28496 (  27.83kB)
    Total RW  Size (RW Data + ZI Data)              3416 (   3.34kB)
    Total ROM Size (Code + RO Data + RW Data)      28600 (  27.93kB)

==============================================================================

